#! /c/Source/iverilog-install/bin/vvp
:ivl_version "12.0 (devel)" "(s20150603-1539-g2693dd32b)";
:ivl_delay_selection "TYPICAL";
:vpi_time_precision - 12;
:vpi_module "C:\iverilog\lib\ivl\system.vpi";
:vpi_module "C:\iverilog\lib\ivl\vhdl_sys.vpi";
:vpi_module "C:\iverilog\lib\ivl\vhdl_textio.vpi";
:vpi_module "C:\iverilog\lib\ivl\v2005_math.vpi";
:vpi_module "C:\iverilog\lib\ivl\va_math.vpi";
:vpi_module "C:\iverilog\lib\ivl\v2009.vpi";
S_00000131313ee320 .scope package, "$unit" "$unit" 2 1;
 .timescale 0 0;
S_00000131313edb40 .scope module, "tb_attention" "tb_attention" 3 1;
 .timescale -9 -12;
v0000013131459e20_0 .var "clk", 0 0;
v0000013131459f60_0 .var "rst", 0 0;
S_00000131313ed360 .scope module, "dut" "attention_top" 3 6, 4 1 0, S_00000131313edb40;
 .timescale 0 0;
    .port_info 0 /INPUT 1 "clk";
    .port_info 1 /INPUT 1 "rst";
P_00000131313be3a0 .param/l "D" 0 4 12, +C4<00000000000000000000000000000100>;
P_00000131313be3d8 .param/l "N" 0 4 11, +C4<00000000000000000000000000000010>;
v00000131314591a0_0 .array/port v00000131314591a0, 0;
L_00000131313ce9f0 .functor BUFZ 16, v00000131314591a0_0, C4<0000000000000000>, C4<0000000000000000>, C4<0000000000000000>;
v00000131314591a0_1 .array/port v00000131314591a0, 1;
L_00000131313ce590 .functor BUFZ 16, v00000131314591a0_1, C4<0000000000000000>, C4<0000000000000000>, C4<0000000000000000>;
v00000131314591a0_2 .array/port v00000131314591a0, 2;
L_00000131313cea60 .functor BUFZ 16, v00000131314591a0_2, C4<0000000000000000>, C4<0000000000000000>, C4<0000000000000000>;
v00000131314591a0_3 .array/port v00000131314591a0, 3;
L_00000131313ce7c0 .functor BUFZ 16, v00000131314591a0_3, C4<0000000000000000>, C4<0000000000000000>, C4<0000000000000000>;
v00000131314591a0_4 .array/port v00000131314591a0, 4;
L_00000131313cec20 .functor BUFZ 16, v00000131314591a0_4, C4<0000000000000000>, C4<0000000000000000>, C4<0000000000000000>;
v00000131314591a0_5 .array/port v00000131314591a0, 5;
L_00000131313ce280 .functor BUFZ 16, v00000131314591a0_5, C4<0000000000000000>, C4<0000000000000000>, C4<0000000000000000>;
v00000131314591a0_6 .array/port v00000131314591a0, 6;
L_00000131313cead0 .functor BUFZ 16, v00000131314591a0_6, C4<0000000000000000>, C4<0000000000000000>, C4<0000000000000000>;
v00000131314591a0_7 .array/port v00000131314591a0, 7;
L_00000131313ceec0 .functor BUFZ 16, v00000131314591a0_7, C4<0000000000000000>, C4<0000000000000000>, C4<0000000000000000>;
v0000013131459a60_0 .array/port v0000013131459a60, 0;
L_00000131313cebb0 .functor BUFZ 16, v0000013131459a60_0, C4<0000000000000000>, C4<0000000000000000>, C4<0000000000000000>;
v0000013131459a60_1 .array/port v0000013131459a60, 1;
L_00000131313cec90 .functor BUFZ 16, v0000013131459a60_1, C4<0000000000000000>, C4<0000000000000000>, C4<0000000000000000>;
v0000013131459a60_2 .array/port v0000013131459a60, 2;
L_00000131313ce0c0 .functor BUFZ 16, v0000013131459a60_2, C4<0000000000000000>, C4<0000000000000000>, C4<0000000000000000>;
v0000013131459a60_3 .array/port v0000013131459a60, 3;
L_00000131313ce1a0 .functor BUFZ 16, v0000013131459a60_3, C4<0000000000000000>, C4<0000000000000000>, C4<0000000000000000>;
v0000013131459a60_4 .array/port v0000013131459a60, 4;
L_00000131313ce600 .functor BUFZ 16, v0000013131459a60_4, C4<0000000000000000>, C4<0000000000000000>, C4<0000000000000000>;
v0000013131459a60_5 .array/port v0000013131459a60, 5;
L_00000131313ced00 .functor BUFZ 16, v0000013131459a60_5, C4<0000000000000000>, C4<0000000000000000>, C4<0000000000000000>;
v0000013131459a60_6 .array/port v0000013131459a60, 6;
L_00000131313ce360 .functor BUFZ 16, v0000013131459a60_6, C4<0000000000000000>, C4<0000000000000000>, C4<0000000000000000>;
v0000013131459a60_7 .array/port v0000013131459a60, 7;
L_00000131313ced70 .functor BUFZ 16, v0000013131459a60_7, C4<0000000000000000>, C4<0000000000000000>, C4<0000000000000000>;
v0000013131459a60_8 .array/port v0000013131459a60, 8;
L_00000131313ce210 .functor BUFZ 16, v0000013131459a60_8, C4<0000000000000000>, C4<0000000000000000>, C4<0000000000000000>;
v0000013131459a60_9 .array/port v0000013131459a60, 9;
L_00000131313cede0 .functor BUFZ 16, v0000013131459a60_9, C4<0000000000000000>, C4<0000000000000000>, C4<0000000000000000>;
v0000013131459a60_10 .array/port v0000013131459a60, 10;
L_00000131313ce050 .functor BUFZ 16, v0000013131459a60_10, C4<0000000000000000>, C4<0000000000000000>, C4<0000000000000000>;
v0000013131459a60_11 .array/port v0000013131459a60, 11;
L_00000131313ce130 .functor BUFZ 16, v0000013131459a60_11, C4<0000000000000000>, C4<0000000000000000>, C4<0000000000000000>;
v0000013131459a60_12 .array/port v0000013131459a60, 12;
L_00000131313cee50 .functor BUFZ 16, v0000013131459a60_12, C4<0000000000000000>, C4<0000000000000000>, C4<0000000000000000>;
v0000013131459a60_13 .array/port v0000013131459a60, 13;
L_00000131313ce440 .functor BUFZ 16, v0000013131459a60_13, C4<0000000000000000>, C4<0000000000000000>, C4<0000000000000000>;
v0000013131459a60_14 .array/port v0000013131459a60, 14;
L_00000131313cef30 .functor BUFZ 16, v0000013131459a60_14, C4<0000000000000000>, C4<0000000000000000>, C4<0000000000000000>;
v0000013131459a60_15 .array/port v0000013131459a60, 15;
L_00000131313aed70 .functor BUFZ 16, v0000013131459a60_15, C4<0000000000000000>, C4<0000000000000000>, C4<0000000000000000>;
L_00000131314a9ca0 .functor BUFZ 16, v00000131314591a0_0, C4<0000000000000000>, C4<0000000000000000>, C4<0000000000000000>;
L_00000131314a9300 .functor BUFZ 16, v00000131314591a0_1, C4<0000000000000000>, C4<0000000000000000>, C4<0000000000000000>;
L_00000131314a9bc0 .functor BUFZ 16, v00000131314591a0_2, C4<0000000000000000>, C4<0000000000000000>, C4<0000000000000000>;
L_00000131314a9370 .functor BUFZ 16, v00000131314591a0_3, C4<0000000000000000>, C4<0000000000000000>, C4<0000000000000000>;
L_00000131314a9d80 .functor BUFZ 16, v00000131314591a0_4, C4<0000000000000000>, C4<0000000000000000>, C4<0000000000000000>;
L_00000131314a9a00 .functor BUFZ 16, v00000131314591a0_5, C4<0000000000000000>, C4<0000000000000000>, C4<0000000000000000>;
L_00000131314a9e60 .functor BUFZ 16, v00000131314591a0_6, C4<0000000000000000>, C4<0000000000000000>, C4<0000000000000000>;
L_00000131314a9a70 .functor BUFZ 16, v00000131314591a0_7, C4<0000000000000000>, C4<0000000000000000>, C4<0000000000000000>;
v000001313145a640_0 .array/port v000001313145a640, 0;
L_00000131314a9ae0 .functor BUFZ 16, v000001313145a640_0, C4<0000000000000000>, C4<0000000000000000>, C4<0000000000000000>;
v000001313145a640_1 .array/port v000001313145a640, 1;
L_00000131314a9140 .functor BUFZ 16, v000001313145a640_1, C4<0000000000000000>, C4<0000000000000000>, C4<0000000000000000>;
v000001313145a640_2 .array/port v000001313145a640, 2;
L_00000131314a9680 .functor BUFZ 16, v000001313145a640_2, C4<0000000000000000>, C4<0000000000000000>, C4<0000000000000000>;
v000001313145a640_3 .array/port v000001313145a640, 3;
L_00000131314a9df0 .functor BUFZ 16, v000001313145a640_3, C4<0000000000000000>, C4<0000000000000000>, C4<0000000000000000>;
v000001313145a640_4 .array/port v000001313145a640, 4;
L_00000131314a9d10 .functor BUFZ 16, v000001313145a640_4, C4<0000000000000000>, C4<0000000000000000>, C4<0000000000000000>;
v000001313145a640_5 .array/port v000001313145a640, 5;
L_00000131314a9ed0 .functor BUFZ 16, v000001313145a640_5, C4<0000000000000000>, C4<0000000000000000>, C4<0000000000000000>;
v000001313145a640_6 .array/port v000001313145a640, 6;
L_00000131314a9fb0 .functor BUFZ 16, v000001313145a640_6, C4<0000000000000000>, C4<0000000000000000>, C4<0000000000000000>;
v000001313145a640_7 .array/port v000001313145a640, 7;
L_00000131314a93e0 .functor BUFZ 16, v000001313145a640_7, C4<0000000000000000>, C4<0000000000000000>, C4<0000000000000000>;
v000001313145a640_8 .array/port v000001313145a640, 8;
L_00000131314a9c30 .functor BUFZ 16, v000001313145a640_8, C4<0000000000000000>, C4<0000000000000000>, C4<0000000000000000>;
v000001313145a640_9 .array/port v000001313145a640, 9;
L_00000131314a91b0 .functor BUFZ 16, v000001313145a640_9, C4<0000000000000000>, C4<0000000000000000>, C4<0000000000000000>;
v000001313145a640_10 .array/port v000001313145a640, 10;
L_00000131314a9220 .functor BUFZ 16, v000001313145a640_10, C4<0000000000000000>, C4<0000000000000000>, C4<0000000000000000>;
v000001313145a640_11 .array/port v000001313145a640, 11;
L_00000131314a9290 .functor BUFZ 16, v000001313145a640_11, C4<0000000000000000>, C4<0000000000000000>, C4<0000000000000000>;
v000001313145a640_12 .array/port v000001313145a640, 12;
L_00000131314a9450 .functor BUFZ 16, v000001313145a640_12, C4<0000000000000000>, C4<0000000000000000>, C4<0000000000000000>;
v000001313145a640_13 .array/port v000001313145a640, 13;
L_00000131314a94c0 .functor BUFZ 16, v000001313145a640_13, C4<0000000000000000>, C4<0000000000000000>, C4<0000000000000000>;
v000001313145a640_14 .array/port v000001313145a640, 14;
L_00000131314a97d0 .functor BUFZ 16, v000001313145a640_14, C4<0000000000000000>, C4<0000000000000000>, C4<0000000000000000>;
v000001313145a640_15 .array/port v000001313145a640, 15;
L_00000131314a9b50 .functor BUFZ 16, v000001313145a640_15, C4<0000000000000000>, C4<0000000000000000>, C4<0000000000000000>;
L_00000131314aa380 .functor BUFZ 16, v00000131314591a0_0, C4<0000000000000000>, C4<0000000000000000>, C4<0000000000000000>;
L_00000131314aa1c0 .functor BUFZ 16, v00000131314591a0_1, C4<0000000000000000>, C4<0000000000000000>, C4<0000000000000000>;
L_00000131314aaf50 .functor BUFZ 16, v00000131314591a0_2, C4<0000000000000000>, C4<0000000000000000>, C4<0000000000000000>;
L_00000131314aaaf0 .functor BUFZ 16, v00000131314591a0_3, C4<0000000000000000>, C4<0000000000000000>, C4<0000000000000000>;
L_00000131314aa4d0 .functor BUFZ 16, v00000131314591a0_4, C4<0000000000000000>, C4<0000000000000000>, C4<0000000000000000>;
L_00000131314aa2a0 .functor BUFZ 16, v00000131314591a0_5, C4<0000000000000000>, C4<0000000000000000>, C4<0000000000000000>;
L_00000131314aa7e0 .functor BUFZ 16, v00000131314591a0_6, C4<0000000000000000>, C4<0000000000000000>, C4<0000000000000000>;
L_00000131314aa310 .functor BUFZ 16, v00000131314591a0_7, C4<0000000000000000>, C4<0000000000000000>, C4<0000000000000000>;
v0000013131459560_0 .array/port v0000013131459560, 0;
L_00000131314ab030 .functor BUFZ 16, v0000013131459560_0, C4<0000000000000000>, C4<0000000000000000>, C4<0000000000000000>;
v0000013131459560_1 .array/port v0000013131459560, 1;
L_00000131314aa700 .functor BUFZ 16, v0000013131459560_1, C4<0000000000000000>, C4<0000000000000000>, C4<0000000000000000>;
v0000013131459560_2 .array/port v0000013131459560, 2;
L_00000131314aa150 .functor BUFZ 16, v0000013131459560_2, C4<0000000000000000>, C4<0000000000000000>, C4<0000000000000000>;
v0000013131459560_3 .array/port v0000013131459560, 3;
L_00000131314aaa80 .functor BUFZ 16, v0000013131459560_3, C4<0000000000000000>, C4<0000000000000000>, C4<0000000000000000>;
v0000013131459560_4 .array/port v0000013131459560, 4;
L_00000131314aa230 .functor BUFZ 16, v0000013131459560_4, C4<0000000000000000>, C4<0000000000000000>, C4<0000000000000000>;
v0000013131459560_5 .array/port v0000013131459560, 5;
L_00000131314aa9a0 .functor BUFZ 16, v0000013131459560_5, C4<0000000000000000>, C4<0000000000000000>, C4<0000000000000000>;
v0000013131459560_6 .array/port v0000013131459560, 6;
L_00000131314aa8c0 .functor BUFZ 16, v0000013131459560_6, C4<0000000000000000>, C4<0000000000000000>, C4<0000000000000000>;
v0000013131459560_7 .array/port v0000013131459560, 7;
L_00000131314aa3f0 .functor BUFZ 16, v0000013131459560_7, C4<0000000000000000>, C4<0000000000000000>, C4<0000000000000000>;
v0000013131459560_8 .array/port v0000013131459560, 8;
L_00000131314aa620 .functor BUFZ 16, v0000013131459560_8, C4<0000000000000000>, C4<0000000000000000>, C4<0000000000000000>;
v0000013131459560_9 .array/port v0000013131459560, 9;
L_00000131314aaee0 .functor BUFZ 16, v0000013131459560_9, C4<0000000000000000>, C4<0000000000000000>, C4<0000000000000000>;
v0000013131459560_10 .array/port v0000013131459560, 10;
L_00000131314aa690 .functor BUFZ 16, v0000013131459560_10, C4<0000000000000000>, C4<0000000000000000>, C4<0000000000000000>;
v0000013131459560_11 .array/port v0000013131459560, 11;
L_00000131314aa460 .functor BUFZ 16, v0000013131459560_11, C4<0000000000000000>, C4<0000000000000000>, C4<0000000000000000>;
v0000013131459560_12 .array/port v0000013131459560, 12;
L_00000131314aad90 .functor BUFZ 16, v0000013131459560_12, C4<0000000000000000>, C4<0000000000000000>, C4<0000000000000000>;
v0000013131459560_13 .array/port v0000013131459560, 13;
L_00000131314aa540 .functor BUFZ 16, v0000013131459560_13, C4<0000000000000000>, C4<0000000000000000>, C4<0000000000000000>;
v0000013131459560_14 .array/port v0000013131459560, 14;
L_00000131314aae70 .functor BUFZ 16, v0000013131459560_14, C4<0000000000000000>, C4<0000000000000000>, C4<0000000000000000>;
v0000013131459560_15 .array/port v0000013131459560, 15;
L_00000131314aae00 .functor BUFZ 16, v0000013131459560_15, C4<0000000000000000>, C4<0000000000000000>, C4<0000000000000000>;
v00000131313cd2c0_0 .array/port v00000131313cd2c0, 0;
L_00000131314abcc0 .functor BUFZ 32, v00000131313cd2c0_0, C4<00000000000000000000000000000000>, C4<00000000000000000000000000000000>, C4<00000000000000000000000000000000>;
v00000131313cd2c0_1 .array/port v00000131313cd2c0, 1;
L_00000131314abb70 .functor BUFZ 32, v00000131313cd2c0_1, C4<00000000000000000000000000000000>, C4<00000000000000000000000000000000>, C4<00000000000000000000000000000000>;
v00000131313cd2c0_2 .array/port v00000131313cd2c0, 2;
L_00000131314abd30 .functor BUFZ 32, v00000131313cd2c0_2, C4<00000000000000000000000000000000>, C4<00000000000000000000000000000000>, C4<00000000000000000000000000000000>;
v00000131313cd2c0_3 .array/port v00000131313cd2c0, 3;
L_00000131314abbe0 .functor BUFZ 32, v00000131313cd2c0_3, C4<00000000000000000000000000000000>, C4<00000000000000000000000000000000>, C4<00000000000000000000000000000000>;
v00000131313cd2c0_4 .array/port v00000131313cd2c0, 4;
L_00000131314abf60 .functor BUFZ 32, v00000131313cd2c0_4, C4<00000000000000000000000000000000>, C4<00000000000000000000000000000000>, C4<00000000000000000000000000000000>;
v00000131313cd2c0_5 .array/port v00000131313cd2c0, 5;
L_00000131314ab860 .functor BUFZ 32, v00000131313cd2c0_5, C4<00000000000000000000000000000000>, C4<00000000000000000000000000000000>, C4<00000000000000000000000000000000>;
v00000131313cd2c0_6 .array/port v00000131313cd2c0, 6;
L_00000131314ab710 .functor BUFZ 32, v00000131313cd2c0_6, C4<00000000000000000000000000000000>, C4<00000000000000000000000000000000>, C4<00000000000000000000000000000000>;
v00000131313cd2c0_7 .array/port v00000131313cd2c0, 7;
L_00000131314ab9b0 .functor BUFZ 32, v00000131313cd2c0_7, C4<00000000000000000000000000000000>, C4<00000000000000000000000000000000>, C4<00000000000000000000000000000000>;
v00000131313e4820_0 .array/port v00000131313e4820, 0;
L_00000131314ab940 .functor BUFZ 32, v00000131313e4820_0, C4<00000000000000000000000000000000>, C4<00000000000000000000000000000000>, C4<00000000000000000000000000000000>;
v00000131313e4820_1 .array/port v00000131313e4820, 1;
L_00000131314abef0 .functor BUFZ 32, v00000131313e4820_1, C4<00000000000000000000000000000000>, C4<00000000000000000000000000000000>, C4<00000000000000000000000000000000>;
v00000131313e4820_2 .array/port v00000131313e4820, 2;
L_00000131314abda0 .functor BUFZ 32, v00000131313e4820_2, C4<00000000000000000000000000000000>, C4<00000000000000000000000000000000>, C4<00000000000000000000000000000000>;
v00000131313e4820_3 .array/port v00000131313e4820, 3;
L_00000131314ab780 .functor BUFZ 32, v00000131313e4820_3, C4<00000000000000000000000000000000>, C4<00000000000000000000000000000000>, C4<00000000000000000000000000000000>;
v00000131313e4820_4 .array/port v00000131313e4820, 4;
L_00000131314aba20 .functor BUFZ 32, v00000131313e4820_4, C4<00000000000000000000000000000000>, C4<00000000000000000000000000000000>, C4<00000000000000000000000000000000>;
v00000131313e4820_5 .array/port v00000131313e4820, 5;
L_00000131314ab630 .functor BUFZ 32, v00000131313e4820_5, C4<00000000000000000000000000000000>, C4<00000000000000000000000000000000>, C4<00000000000000000000000000000000>;
v00000131313e4820_6 .array/port v00000131313e4820, 6;
L_00000131314abe10 .functor BUFZ 32, v00000131313e4820_6, C4<00000000000000000000000000000000>, C4<00000000000000000000000000000000>, C4<00000000000000000000000000000000>;
v00000131313e4820_7 .array/port v00000131313e4820, 7;
L_00000131314abe80 .functor BUFZ 32, v00000131313e4820_7, C4<00000000000000000000000000000000>, C4<00000000000000000000000000000000>, C4<00000000000000000000000000000000>;
v000001313141bd30_0 .array/port v000001313141bd30, 0;
L_00000131314ab7f0 .functor BUFZ 32, v000001313141bd30_0, C4<00000000000000000000000000000000>, C4<00000000000000000000000000000000>, C4<00000000000000000000000000000000>;
v000001313141bd30_1 .array/port v000001313141bd30, 1;
L_00000131314ab4e0 .functor BUFZ 32, v000001313141bd30_1, C4<00000000000000000000000000000000>, C4<00000000000000000000000000000000>, C4<00000000000000000000000000000000>;
v000001313141bd30_2 .array/port v000001313141bd30, 2;
L_00000131314ab1d0 .functor BUFZ 32, v000001313141bd30_2, C4<00000000000000000000000000000000>, C4<00000000000000000000000000000000>, C4<00000000000000000000000000000000>;
v000001313141bd30_3 .array/port v000001313141bd30, 3;
L_00000131314abb00 .functor BUFZ 32, v000001313141bd30_3, C4<00000000000000000000000000000000>, C4<00000000000000000000000000000000>, C4<00000000000000000000000000000000>;
v000001313141d090_0 .array/port v000001313141d090, 0;
L_00000131314ab240 .functor BUFZ 32, v000001313141d090_0, C4<00000000000000000000000000000000>, C4<00000000000000000000000000000000>, C4<00000000000000000000000000000000>;
v000001313141d090_1 .array/port v000001313141d090, 1;
L_00000131314ab8d0 .functor BUFZ 32, v000001313141d090_1, C4<00000000000000000000000000000000>, C4<00000000000000000000000000000000>, C4<00000000000000000000000000000000>;
v000001313141d090_2 .array/port v000001313141d090, 2;
L_00000131314ab2b0 .functor BUFZ 32, v000001313141d090_2, C4<00000000000000000000000000000000>, C4<00000000000000000000000000000000>, C4<00000000000000000000000000000000>;
v000001313141d090_3 .array/port v000001313141d090, 3;
L_00000131314ab5c0 .functor BUFZ 32, v000001313141d090_3, C4<00000000000000000000000000000000>, C4<00000000000000000000000000000000>, C4<00000000000000000000000000000000>;
v000001313141c9b0_0 .array/port v000001313141c9b0, 0;
L_00000131314ac410 .functor BUFZ 32, v000001313141c9b0_0, C4<00000000000000000000000000000000>, C4<00000000000000000000000000000000>, C4<00000000000000000000000000000000>;
v000001313141c9b0_1 .array/port v000001313141c9b0, 1;
L_00000131314ac5d0 .functor BUFZ 32, v000001313141c9b0_1, C4<00000000000000000000000000000000>, C4<00000000000000000000000000000000>, C4<00000000000000000000000000000000>;
v000001313141c9b0_2 .array/port v000001313141c9b0, 2;
L_00000131314accd0 .functor BUFZ 32, v000001313141c9b0_2, C4<00000000000000000000000000000000>, C4<00000000000000000000000000000000>, C4<00000000000000000000000000000000>;
v000001313141c9b0_3 .array/port v000001313141c9b0, 3;
L_00000131314ac9c0 .functor BUFZ 32, v000001313141c9b0_3, C4<00000000000000000000000000000000>, C4<00000000000000000000000000000000>, C4<00000000000000000000000000000000>;
v000001313141c410_0 .array/port v000001313141c410, 0;
L_00000131314ac250 .functor BUFZ 32, v000001313141c410_0, C4<00000000000000000000000000000000>, C4<00000000000000000000000000000000>, C4<00000000000000000000000000000000>;
v000001313141c410_1 .array/port v000001313141c410, 1;
L_00000131314ac720 .functor BUFZ 32, v000001313141c410_1, C4<00000000000000000000000000000000>, C4<00000000000000000000000000000000>, C4<00000000000000000000000000000000>;
v000001313141c410_2 .array/port v000001313141c410, 2;
L_00000131314acfe0 .functor BUFZ 32, v000001313141c410_2, C4<00000000000000000000000000000000>, C4<00000000000000000000000000000000>, C4<00000000000000000000000000000000>;
v000001313141c410_3 .array/port v000001313141c410, 3;
L_00000131314ac170 .functor BUFZ 32, v000001313141c410_3, C4<00000000000000000000000000000000>, C4<00000000000000000000000000000000>, C4<00000000000000000000000000000000>;
v000001313141c410_4 .array/port v000001313141c410, 4;
L_00000131314acc60 .functor BUFZ 32, v000001313141c410_4, C4<00000000000000000000000000000000>, C4<00000000000000000000000000000000>, C4<00000000000000000000000000000000>;
v000001313141c410_5 .array/port v000001313141c410, 5;
L_00000131314ac800 .functor BUFZ 32, v000001313141c410_5, C4<00000000000000000000000000000000>, C4<00000000000000000000000000000000>, C4<00000000000000000000000000000000>;
v000001313141c410_6 .array/port v000001313141c410, 6;
L_00000131314acd40 .functor BUFZ 32, v000001313141c410_6, C4<00000000000000000000000000000000>, C4<00000000000000000000000000000000>, C4<00000000000000000000000000000000>;
v000001313141c410_7 .array/port v000001313141c410, 7;
L_00000131314acdb0 .functor BUFZ 32, v000001313141c410_7, C4<00000000000000000000000000000000>, C4<00000000000000000000000000000000>, C4<00000000000000000000000000000000>;
v00000131313e46e0_0 .array/port v00000131313e46e0, 0;
L_00000131314ac2c0 .functor BUFZ 32, v00000131313e46e0_0, C4<00000000000000000000000000000000>, C4<00000000000000000000000000000000>, C4<00000000000000000000000000000000>;
v00000131313e46e0_1 .array/port v00000131313e46e0, 1;
L_00000131314ac480 .functor BUFZ 32, v00000131313e46e0_1, C4<00000000000000000000000000000000>, C4<00000000000000000000000000000000>, C4<00000000000000000000000000000000>;
v00000131313e46e0_2 .array/port v00000131313e46e0, 2;
L_00000131314ace20 .functor BUFZ 32, v00000131313e46e0_2, C4<00000000000000000000000000000000>, C4<00000000000000000000000000000000>, C4<00000000000000000000000000000000>;
v00000131313e46e0_3 .array/port v00000131313e46e0, 3;
L_00000131314aca30 .functor BUFZ 32, v00000131313e46e0_3, C4<00000000000000000000000000000000>, C4<00000000000000000000000000000000>, C4<00000000000000000000000000000000>;
v00000131313e46e0_4 .array/port v00000131313e46e0, 4;
L_00000131314ace90 .functor BUFZ 32, v00000131313e46e0_4, C4<00000000000000000000000000000000>, C4<00000000000000000000000000000000>, C4<00000000000000000000000000000000>;
v00000131313e46e0_5 .array/port v00000131313e46e0, 5;
L_00000131314ac330 .functor BUFZ 32, v00000131313e46e0_5, C4<00000000000000000000000000000000>, C4<00000000000000000000000000000000>, C4<00000000000000000000000000000000>;
v00000131313e46e0_6 .array/port v00000131313e46e0, 6;
L_00000131314ac4f0 .functor BUFZ 32, v00000131313e46e0_6, C4<00000000000000000000000000000000>, C4<00000000000000000000000000000000>, C4<00000000000000000000000000000000>;
v00000131313e46e0_7 .array/port v00000131313e46e0, 7;
L_00000131314acf00 .functor BUFZ 32, v00000131313e46e0_7, C4<00000000000000000000000000000000>, C4<00000000000000000000000000000000>, C4<00000000000000000000000000000000>;
L_00000131314acaa0 .functor BUFZ 1, v00000131313e5ea0_0, C4<0>, C4<0>, C4<0>;
v000001313141c7d0 .array "K", 7 0;
v000001313141c7d0_0 .net/s v000001313141c7d0 0, 31 0, v00000131313e4820_0; 1 drivers
v000001313141c7d0_1 .net/s v000001313141c7d0 1, 31 0, v00000131313e4820_1; 1 drivers
v000001313141c7d0_2 .net/s v000001313141c7d0 2, 31 0, v00000131313e4820_2; 1 drivers
v000001313141c7d0_3 .net/s v000001313141c7d0 3, 31 0, v00000131313e4820_3; 1 drivers
v000001313141c7d0_4 .net/s v000001313141c7d0 4, 31 0, v00000131313e4820_4; 1 drivers
v000001313141c7d0_5 .net/s v000001313141c7d0 5, 31 0, v00000131313e4820_5; 1 drivers
v000001313141c7d0_6 .net/s v000001313141c7d0 6, 31 0, v00000131313e4820_6; 1 drivers
v000001313141c7d0_7 .net/s v000001313141c7d0 7, 31 0, v00000131313e4820_7; 1 drivers
v000001313141c870 .array "OUT", 7 0;
v000001313141c870_0 .net/s v000001313141c870 0, 31 0, L_00000131314ac2c0; 1 drivers
v000001313141c870_1 .net/s v000001313141c870 1, 31 0, L_00000131314ac480; 1 drivers
v000001313141c870_2 .net/s v000001313141c870 2, 31 0, L_00000131314ace20; 1 drivers
v000001313141c870_3 .net/s v000001313141c870 3, 31 0, L_00000131314aca30; 1 drivers
v000001313141c870_4 .net/s v000001313141c870 4, 31 0, L_00000131314ace90; 1 drivers
v000001313141c870_5 .net/s v000001313141c870 5, 31 0, L_00000131314ac330; 1 drivers
v000001313141c870_6 .net/s v000001313141c870 6, 31 0, L_00000131314ac4f0; 1 drivers
v000001313141c870_7 .net/s v000001313141c870 7, 31 0, L_00000131314acf00; 1 drivers
v000001313141ca50 .array "Q", 7 0;
v000001313141ca50_0 .net/s v000001313141ca50 0, 31 0, v00000131313cd2c0_0; 1 drivers
v000001313141ca50_1 .net/s v000001313141ca50 1, 31 0, v00000131313cd2c0_1; 1 drivers
v000001313141ca50_2 .net/s v000001313141ca50 2, 31 0, v00000131313cd2c0_2; 1 drivers
v000001313141ca50_3 .net/s v000001313141ca50 3, 31 0, v00000131313cd2c0_3; 1 drivers
v000001313141ca50_4 .net/s v000001313141ca50 4, 31 0, v00000131313cd2c0_4; 1 drivers
v000001313141ca50_5 .net/s v000001313141ca50 5, 31 0, v00000131313cd2c0_5; 1 drivers
v000001313141ca50_6 .net/s v000001313141ca50 6, 31 0, v00000131313cd2c0_6; 1 drivers
v000001313141ca50_7 .net/s v000001313141ca50 7, 31 0, v00000131313cd2c0_7; 1 drivers
v000001313141caf0 .array "SCALE", 3 0;
v000001313141caf0_0 .net/s v000001313141caf0 0, 31 0, v000001313141d090_0; 1 drivers
v000001313141caf0_1 .net/s v000001313141caf0 1, 31 0, v000001313141d090_1; 1 drivers
v000001313141caf0_2 .net/s v000001313141caf0 2, 31 0, v000001313141d090_2; 1 drivers
v000001313141caf0_3 .net/s v000001313141caf0 3, 31 0, v000001313141d090_3; 1 drivers
v000001313141cb90 .array "SCORE", 3 0;
v000001313141cb90_0 .net/s v000001313141cb90 0, 31 0, v000001313141bd30_0; 1 drivers
v000001313141cb90_1 .net/s v000001313141cb90 1, 31 0, v000001313141bd30_1; 1 drivers
v000001313141cb90_2 .net/s v000001313141cb90 2, 31 0, v000001313141bd30_2; 1 drivers
v000001313141cb90_3 .net/s v000001313141cb90 3, 31 0, v000001313141bd30_3; 1 drivers
v000001313141cd70 .array "V", 7 0;
v000001313141cd70_0 .net/s v000001313141cd70 0, 31 0, v000001313141c410_0; 1 drivers
v000001313141cd70_1 .net/s v000001313141cd70 1, 31 0, v000001313141c410_1; 1 drivers
v000001313141cd70_2 .net/s v000001313141cd70 2, 31 0, v000001313141c410_2; 1 drivers
v000001313141cd70_3 .net/s v000001313141cd70 3, 31 0, v000001313141c410_3; 1 drivers
v000001313141cd70_4 .net/s v000001313141cd70 4, 31 0, v000001313141c410_4; 1 drivers
v000001313141cd70_5 .net/s v000001313141cd70 5, 31 0, v000001313141c410_5; 1 drivers
v000001313141cd70_6 .net/s v000001313141cd70 6, 31 0, v000001313141c410_6; 1 drivers
v000001313141cd70_7 .net/s v000001313141cd70 7, 31 0, v000001313141c410_7; 1 drivers
v000001313141ce10 .array "WEIGHT", 3 0;
v000001313141ce10_0 .net/s v000001313141ce10 0, 31 0, v000001313141c9b0_0; 1 drivers
v000001313141ce10_1 .net/s v000001313141ce10 1, 31 0, v000001313141c9b0_1; 1 drivers
v000001313141ce10_2 .net/s v000001313141ce10 2, 31 0, v000001313141c9b0_2; 1 drivers
v000001313141ce10_3 .net/s v000001313141ce10 3, 31 0, v000001313141c9b0_3; 1 drivers
v000001313145a640 .array/s "WK", 15 0, 15 0;
v0000013131459a60 .array/s "WQ", 15 0, 15 0;
v0000013131459560 .array/s "WV", 15 0, 15 0;
v00000131314591a0 .array/s "X", 7 0, 15 0;
v000001313145ab40_0 .net "clk", 0 0, v0000013131459e20_0;  1 drivers
v000001313145abe0_0 .net "done", 0 0, v00000131313e5180_0;  1 drivers
v0000013131459600_0 .var "finished", 0 0;
v000001313145ac80_0 .var/i "i", 31 0;
v000001313145ae60_0 .var/i "j", 31 0;
L_000001313145f0d8 .functor BUFT 1, C4<1>, C4<0>, C4<0>, C4<0>;
v00000131314594c0_0 .net "load_done", 0 0, L_000001313145f0d8;  1 drivers
v0000013131459b00_0 .net "load_start", 0 0, v00000131313e6120_0;  1 drivers
v00000131314597e0_0 .var/i "outfile", 31 0;
v0000013131459240_0 .net "output_done", 0 0, v00000131313e5ae0_0;  1 drivers
v000001313145aa00_0 .net "output_start", 0 0, v00000131313e4b40_0;  1 drivers
v0000013131459380_0 .net "qkv_done", 0 0, v00000131313cd040_0;  1 drivers
v0000013131459ce0_0 .net "qkv_start", 0 0, v00000131313e61c0_0;  1 drivers
v00000131314592e0_0 .net "rst", 0 0, v0000013131459f60_0;  1 drivers
v0000013131459880_0 .net "scale_done", 0 0, v000001313141ceb0_0;  1 drivers
v00000131314599c0_0 .net "scale_start", 0 0, v00000131313e5b80_0;  1 drivers
v0000013131459100_0 .net "score_done", 0 0, v000001313141d810_0;  1 drivers
v000001313145ad20_0 .net "score_start", 0 0, v00000131313e5860_0;  1 drivers
v000001313145a320_0 .net "softmax_done", 0 0, v000001313141d770_0;  1 drivers
v0000013131459420_0 .net "softmax_start", 0 0, v00000131313e6300_0;  1 drivers
v000001313145a280_0 .net "write_done", 0 0, L_00000131314acaa0;  1 drivers
v00000131314596a0_0 .net "write_start", 0 0, v00000131313e5ea0_0;  1 drivers
S_00000131313ec4e0 .scope module, "FSM" "controller_fsm" 4 104, 5 1 0, S_00000131313ed360;
 .timescale 0 0;
    .port_info 0 /INPUT 1 "clk";
    .port_info 1 /INPUT 1 "rst";
    .port_info 2 /INPUT 1 "load_done";
    .port_info 3 /INPUT 1 "qkv_done";
    .port_info 4 /INPUT 1 "score_done";
    .port_info 5 /INPUT 1 "scale_done";
    .port_info 6 /INPUT 1 "softmax_done";
    .port_info 7 /INPUT 1 "output_done";
    .port_info 8 /INPUT 1 "write_done";
    .port_info 9 /OUTPUT 1 "load_start";
    .port_info 10 /OUTPUT 1 "qkv_start";
    .port_info 11 /OUTPUT 1 "score_start";
    .port_info 12 /OUTPUT 1 "scale_start";
    .port_info 13 /OUTPUT 1 "softmax_start";
    .port_info 14 /OUTPUT 1 "output_start";
    .port_info 15 /OUTPUT 1 "write_start";
    .port_info 16 /OUTPUT 1 "done";
P_00000131313eccd0 .param/l "GEN_QKV" 0 5 33, C4<010>;
P_00000131313ecd08 .param/l "IDLE" 0 5 31, C4<000>;
P_00000131313ecd40 .param/l "LOAD" 0 5 32, C4<001>;
P_00000131313ecd78 .param/l "OUTPUT" 0 5 37, C4<110>;
P_00000131313ecdb0 .param/l "SCALE" 0 5 35, C4<100>;
P_00000131313ecde8 .param/l "SCORE" 0 5 34, C4<011>;
P_00000131313ece20 .param/l "SOFTMAX" 0 5 36, C4<101>;
P_00000131313ece58 .param/l "WRITE" 0 5 38, C4<111>;
v00000131313e5040_0 .net "clk", 0 0, v0000013131459e20_0;  alias, 1 drivers
v00000131313e6080_0 .var "current_state", 2 0;
v00000131313e5180_0 .var "done", 0 0;
v00000131313e5900_0 .net "load_done", 0 0, L_000001313145f0d8;  alias, 1 drivers
v00000131313e6120_0 .var "load_start", 0 0;
v00000131313e5220_0 .var "next_state", 2 0;
v00000131313e4a00_0 .net "output_done", 0 0, v00000131313e5ae0_0;  alias, 1 drivers
v00000131313e4b40_0 .var "output_start", 0 0;
v00000131313e4be0_0 .net "qkv_done", 0 0, v00000131313cd040_0;  alias, 1 drivers
v00000131313e61c0_0 .var "qkv_start", 0 0;
v00000131313e4640_0 .net "rst", 0 0, v0000013131459f60_0;  alias, 1 drivers
v00000131313e4c80_0 .net "scale_done", 0 0, v000001313141ceb0_0;  alias, 1 drivers
v00000131313e5b80_0 .var "scale_start", 0 0;
v00000131313e6260_0 .net "score_done", 0 0, v000001313141d810_0;  alias, 1 drivers
v00000131313e5860_0 .var "score_start", 0 0;
v00000131313e4780_0 .net "softmax_done", 0 0, v000001313141d770_0;  alias, 1 drivers
v00000131313e6300_0 .var "softmax_start", 0 0;
v00000131313e4dc0_0 .net "write_done", 0 0, L_00000131314acaa0;  alias, 1 drivers
v00000131313e5ea0_0 .var "write_start", 0 0;
E_00000131313f6f30 .event anyedge, v00000131313e6080_0;
E_00000131313f6f70 .event posedge, v00000131313e5040_0;
E_00000131313f82b0/0 .event anyedge, v00000131313e6080_0, v00000131313e5900_0, v00000131313e4be0_0, v00000131313e6260_0;
E_00000131313f82b0/1 .event anyedge, v00000131313e4c80_0, v00000131313e4780_0, v00000131313e4a00_0, v00000131313e4dc0_0;
E_00000131313f82b0 .event/or E_00000131313f82b0/0, E_00000131313f82b0/1;
E_00000131313f7f70 .event posedge, v00000131313e4640_0, v00000131313e5040_0;
S_00000131313b85b0 .scope module, "K_GEN" "matrix_mult" 4 149, 6 1 0, S_00000131313ed360;
 .timescale 0 0;
    .port_info 0 /INPUT 1 "clk";
    .port_info 1 /INPUT 1 "start";
    .port_info 2 /INPUT 128 "A";
    .port_info 3 /INPUT 256 "B";
    .port_info 4 /OUTPUT 256 "C";
    .port_info 5 /OUTPUT 1 "done";
P_00000131313bea20 .param/l "D" 0 6 1, +C4<00000000000000000000000000000100>;
P_00000131313bea58 .param/l "N" 0 6 1, +C4<00000000000000000000000000000010>;
v00000131313e5720 .array "A", 7 0;
v00000131313e5720_0 .net/s v00000131313e5720 0, 15 0, L_00000131314a9ca0; 1 drivers
v00000131313e5720_1 .net/s v00000131313e5720 1, 15 0, L_00000131314a9300; 1 drivers
v00000131313e5720_2 .net/s v00000131313e5720 2, 15 0, L_00000131314a9bc0; 1 drivers
v00000131313e5720_3 .net/s v00000131313e5720 3, 15 0, L_00000131314a9370; 1 drivers
v00000131313e5720_4 .net/s v00000131313e5720 4, 15 0, L_00000131314a9d80; 1 drivers
v00000131313e5720_5 .net/s v00000131313e5720 5, 15 0, L_00000131314a9a00; 1 drivers
v00000131313e5720_6 .net/s v00000131313e5720 6, 15 0, L_00000131314a9e60; 1 drivers
v00000131313e5720_7 .net/s v00000131313e5720 7, 15 0, L_00000131314a9a70; 1 drivers
v00000131313e4e60 .array "B", 15 0;
v00000131313e4e60_0 .net/s v00000131313e4e60 0, 15 0, L_00000131314a9ae0; 1 drivers
v00000131313e4e60_1 .net/s v00000131313e4e60 1, 15 0, L_00000131314a9140; 1 drivers
v00000131313e4e60_2 .net/s v00000131313e4e60 2, 15 0, L_00000131314a9680; 1 drivers
v00000131313e4e60_3 .net/s v00000131313e4e60 3, 15 0, L_00000131314a9df0; 1 drivers
v00000131313e4e60_4 .net/s v00000131313e4e60 4, 15 0, L_00000131314a9d10; 1 drivers
v00000131313e4e60_5 .net/s v00000131313e4e60 5, 15 0, L_00000131314a9ed0; 1 drivers
v00000131313e4e60_6 .net/s v00000131313e4e60 6, 15 0, L_00000131314a9fb0; 1 drivers
v00000131313e4e60_7 .net/s v00000131313e4e60 7, 15 0, L_00000131314a93e0; 1 drivers
v00000131313e4e60_8 .net/s v00000131313e4e60 8, 15 0, L_00000131314a9c30; 1 drivers
v00000131313e4e60_9 .net/s v00000131313e4e60 9, 15 0, L_00000131314a91b0; 1 drivers
v00000131313e4e60_10 .net/s v00000131313e4e60 10, 15 0, L_00000131314a9220; 1 drivers
v00000131313e4e60_11 .net/s v00000131313e4e60 11, 15 0, L_00000131314a9290; 1 drivers
v00000131313e4e60_12 .net/s v00000131313e4e60 12, 15 0, L_00000131314a9450; 1 drivers
v00000131313e4e60_13 .net/s v00000131313e4e60 13, 15 0, L_00000131314a94c0; 1 drivers
v00000131313e4e60_14 .net/s v00000131313e4e60 14, 15 0, L_00000131314a97d0; 1 drivers
v00000131313e4e60_15 .net/s v00000131313e4e60 15, 15 0, L_00000131314a9b50; 1 drivers
v00000131313e4820 .array/s "C", 7 0, 31 0;
v00000131313e5a40_0 .net "clk", 0 0, v0000013131459e20_0;  alias, 1 drivers
v00000131313e5540_0 .var "done", 0 0;
v00000131313e48c0_0 .var/i "i", 31 0;
v00000131313e55e0_0 .var/i "j", 31 0;
v00000131313e4960_0 .var/i "k", 31 0;
v00000131313e59a0_0 .net "start", 0 0, v00000131313e61c0_0;  alias, 1 drivers
S_00000131313b8740 .scope module, "OUTPUT_UNIT" "output_mac" 4 232, 7 3 0, S_00000131313ed360;
 .timescale -9 -12;
    .port_info 0 /INPUT 1 "clk";
    .port_info 1 /INPUT 1 "start";
    .port_info 2 /INPUT 128 "W";
    .port_info 3 /INPUT 256 "V";
    .port_info 4 /OUTPUT 256 "OUT";
    .port_info 5 /OUTPUT 1 "done";
P_00000131313be420 .param/l "D" 0 7 5, +C4<00000000000000000000000000000100>;
P_00000131313be458 .param/l "N" 0 7 4, +C4<00000000000000000000000000000010>;
v00000131313e46e0 .array/s "OUT", 7 0, 31 0;
v00000131313e4fa0 .array "V", 7 0;
v00000131313e4fa0_0 .net/s v00000131313e4fa0 0, 31 0, L_00000131314ac250; 1 drivers
v00000131313e4fa0_1 .net/s v00000131313e4fa0 1, 31 0, L_00000131314ac720; 1 drivers
v00000131313e4fa0_2 .net/s v00000131313e4fa0 2, 31 0, L_00000131314acfe0; 1 drivers
v00000131313e4fa0_3 .net/s v00000131313e4fa0 3, 31 0, L_00000131314ac170; 1 drivers
v00000131313e4fa0_4 .net/s v00000131313e4fa0 4, 31 0, L_00000131314acc60; 1 drivers
v00000131313e4fa0_5 .net/s v00000131313e4fa0 5, 31 0, L_00000131314ac800; 1 drivers
v00000131313e4fa0_6 .net/s v00000131313e4fa0 6, 31 0, L_00000131314acd40; 1 drivers
v00000131313e4fa0_7 .net/s v00000131313e4fa0 7, 31 0, L_00000131314acdb0; 1 drivers
v00000131313e5400 .array "W", 3 0;
v00000131313e5400_0 .net/s v00000131313e5400 0, 31 0, L_00000131314ac410; 1 drivers
v00000131313e5400_1 .net/s v00000131313e5400 1, 31 0, L_00000131314ac5d0; 1 drivers
v00000131313e5400_2 .net/s v00000131313e5400 2, 31 0, L_00000131314accd0; 1 drivers
v00000131313e5400_3 .net/s v00000131313e5400 3, 31 0, L_00000131314ac9c0; 1 drivers
v00000131313e54a0_0 .var/s "acc", 63 0;
v00000131313e5680_0 .net "clk", 0 0, v0000013131459e20_0;  alias, 1 drivers
v00000131313e5ae0_0 .var "done", 0 0;
v00000131313e57c0_0 .var/i "i", 31 0;
v00000131313e5cc0_0 .var/i "j", 31 0;
v00000131313e5d60_0 .var/i "k", 31 0;
v00000131313e5e00_0 .net "start", 0 0, v00000131313e4b40_0;  alias, 1 drivers
S_00000131313a7a50 .scope module, "Q_GEN" "matrix_mult" 4 132, 6 1 0, S_00000131313ed360;
 .timescale 0 0;
    .port_info 0 /INPUT 1 "clk";
    .port_info 1 /INPUT 1 "start";
    .port_info 2 /INPUT 128 "A";
    .port_info 3 /INPUT 256 "B";
    .port_info 4 /OUTPUT 256 "C";
    .port_info 5 /OUTPUT 1 "done";
P_00000131313bf8a0 .param/l "D" 0 6 1, +C4<00000000000000000000000000000100>;
P_00000131313bf8d8 .param/l "N" 0 6 1, +C4<00000000000000000000000000000010>;
v00000131313cd180 .array "A", 7 0;
v00000131313cd180_0 .net/s v00000131313cd180 0, 15 0, L_00000131313ce9f0; 1 drivers
v00000131313cd180_1 .net/s v00000131313cd180 1, 15 0, L_00000131313ce590; 1 drivers
v00000131313cd180_2 .net/s v00000131313cd180 2, 15 0, L_00000131313cea60; 1 drivers
v00000131313cd180_3 .net/s v00000131313cd180 3, 15 0, L_00000131313ce7c0; 1 drivers
v00000131313cd180_4 .net/s v00000131313cd180 4, 15 0, L_00000131313cec20; 1 drivers
v00000131313cd180_5 .net/s v00000131313cd180 5, 15 0, L_00000131313ce280; 1 drivers
v00000131313cd180_6 .net/s v00000131313cd180 6, 15 0, L_00000131313cead0; 1 drivers
v00000131313cd180_7 .net/s v00000131313cd180 7, 15 0, L_00000131313ceec0; 1 drivers
v00000131313cdd60 .array "B", 15 0;
v00000131313cdd60_0 .net/s v00000131313cdd60 0, 15 0, L_00000131313cebb0; 1 drivers
v00000131313cdd60_1 .net/s v00000131313cdd60 1, 15 0, L_00000131313cec90; 1 drivers
v00000131313cdd60_2 .net/s v00000131313cdd60 2, 15 0, L_00000131313ce0c0; 1 drivers
v00000131313cdd60_3 .net/s v00000131313cdd60 3, 15 0, L_00000131313ce1a0; 1 drivers
v00000131313cdd60_4 .net/s v00000131313cdd60 4, 15 0, L_00000131313ce600; 1 drivers
v00000131313cdd60_5 .net/s v00000131313cdd60 5, 15 0, L_00000131313ced00; 1 drivers
v00000131313cdd60_6 .net/s v00000131313cdd60 6, 15 0, L_00000131313ce360; 1 drivers
v00000131313cdd60_7 .net/s v00000131313cdd60 7, 15 0, L_00000131313ced70; 1 drivers
v00000131313cdd60_8 .net/s v00000131313cdd60 8, 15 0, L_00000131313ce210; 1 drivers
v00000131313cdd60_9 .net/s v00000131313cdd60 9, 15 0, L_00000131313cede0; 1 drivers
v00000131313cdd60_10 .net/s v00000131313cdd60 10, 15 0, L_00000131313ce050; 1 drivers
v00000131313cdd60_11 .net/s v00000131313cdd60 11, 15 0, L_00000131313ce130; 1 drivers
v00000131313cdd60_12 .net/s v00000131313cdd60 12, 15 0, L_00000131313cee50; 1 drivers
v00000131313cdd60_13 .net/s v00000131313cdd60 13, 15 0, L_00000131313ce440; 1 drivers
v00000131313cdd60_14 .net/s v00000131313cdd60 14, 15 0, L_00000131313cef30; 1 drivers
v00000131313cdd60_15 .net/s v00000131313cdd60 15, 15 0, L_00000131313aed70; 1 drivers
v00000131313cd2c0 .array/s "C", 7 0, 31 0;
v00000131313cdea0_0 .net "clk", 0 0, v0000013131459e20_0;  alias, 1 drivers
v00000131313cd040_0 .var "done", 0 0;
v000001313141d950_0 .var/i "i", 31 0;
v000001313141ccd0_0 .var/i "j", 31 0;
v000001313141c910_0 .var/i "k", 31 0;
v000001313141bf10_0 .net "start", 0 0, v00000131313e61c0_0;  alias, 1 drivers
S_00000131313a7be0 .scope module, "SCALE_UNIT" "scaling_unit" 4 200, 8 1 0, S_00000131313ed360;
 .timescale 0 0;
    .port_info 0 /INPUT 1 "clk";
    .port_info 1 /INPUT 1 "start";
    .port_info 2 /INPUT 128 "SCORE";
    .port_info 3 /OUTPUT 128 "SCALE";
    .port_info 4 /OUTPUT 1 "done";
P_00000131313f7eb0 .param/l "N" 0 8 1, +C4<00000000000000000000000000000010>;
v000001313141d090 .array/s "SCALE", 3 0, 31 0;
v000001313141d450 .array "SCORE", 3 0;
v000001313141d450_0 .net/s v000001313141d450 0, 31 0, L_00000131314ab7f0; 1 drivers
v000001313141d450_1 .net/s v000001313141d450 1, 31 0, L_00000131314ab4e0; 1 drivers
v000001313141d450_2 .net/s v000001313141d450 2, 31 0, L_00000131314ab1d0; 1 drivers
v000001313141d450_3 .net/s v000001313141d450 3, 31 0, L_00000131314abb00; 1 drivers
v000001313141d630_0 .net "clk", 0 0, v0000013131459e20_0;  alias, 1 drivers
v000001313141ceb0_0 .var "done", 0 0;
v000001313141d130_0 .var/i "i", 31 0;
v000001313141bbf0_0 .var/i "j", 31 0;
v000001313141d4f0_0 .net "start", 0 0, v00000131313e5b80_0;  alias, 1 drivers
S_000001313139d0e0 .scope module, "SCORE_UNIT" "score_unit" 4 183, 9 1 0, S_00000131313ed360;
 .timescale 0 0;
    .port_info 0 /INPUT 1 "clk";
    .port_info 1 /INPUT 1 "start";
    .port_info 2 /INPUT 256 "Q";
    .port_info 3 /INPUT 256 "K";
    .port_info 4 /OUTPUT 128 "SCORE";
    .port_info 5 /OUTPUT 1 "done";
P_00000131313bf7a0 .param/l "D" 0 9 1, +C4<00000000000000000000000000000100>;
P_00000131313bf7d8 .param/l "N" 0 9 1, +C4<00000000000000000000000000000010>;
v000001313141c050 .array "K", 7 0;
v000001313141c050_0 .net/s v000001313141c050 0, 31 0, L_00000131314ab940; 1 drivers
v000001313141c050_1 .net/s v000001313141c050 1, 31 0, L_00000131314abef0; 1 drivers
v000001313141c050_2 .net/s v000001313141c050 2, 31 0, L_00000131314abda0; 1 drivers
v000001313141c050_3 .net/s v000001313141c050 3, 31 0, L_00000131314ab780; 1 drivers
v000001313141c050_4 .net/s v000001313141c050 4, 31 0, L_00000131314aba20; 1 drivers
v000001313141c050_5 .net/s v000001313141c050 5, 31 0, L_00000131314ab630; 1 drivers
v000001313141c050_6 .net/s v000001313141c050 6, 31 0, L_00000131314abe10; 1 drivers
v000001313141c050_7 .net/s v000001313141c050 7, 31 0, L_00000131314abe80; 1 drivers
v000001313141d6d0 .array "Q", 7 0;
v000001313141d6d0_0 .net/s v000001313141d6d0 0, 31 0, L_00000131314abcc0; 1 drivers
v000001313141d6d0_1 .net/s v000001313141d6d0 1, 31 0, L_00000131314abb70; 1 drivers
v000001313141d6d0_2 .net/s v000001313141d6d0 2, 31 0, L_00000131314abd30; 1 drivers
v000001313141d6d0_3 .net/s v000001313141d6d0 3, 31 0, L_00000131314abbe0; 1 drivers
v000001313141d6d0_4 .net/s v000001313141d6d0 4, 31 0, L_00000131314abf60; 1 drivers
v000001313141d6d0_5 .net/s v000001313141d6d0 5, 31 0, L_00000131314ab860; 1 drivers
v000001313141d6d0_6 .net/s v000001313141d6d0 6, 31 0, L_00000131314ab710; 1 drivers
v000001313141d6d0_7 .net/s v000001313141d6d0 7, 31 0, L_00000131314ab9b0; 1 drivers
v000001313141bd30 .array/s "SCORE", 3 0, 31 0;
v000001313141d310_0 .net "clk", 0 0, v0000013131459e20_0;  alias, 1 drivers
v000001313141d810_0 .var "done", 0 0;
v000001313141cf50_0 .var/i "i", 31 0;
v000001313141c4b0_0 .var/i "j", 31 0;
v000001313141be70_0 .var/i "k", 31 0;
v000001313141c730_0 .net "start", 0 0, v00000131313e5860_0;  alias, 1 drivers
S_000001313139d270 .scope module, "SOFTMAX_UNIT" "softmax_approx" 4 216, 10 3 0, S_00000131313ed360;
 .timescale -9 -12;
    .port_info 0 /INPUT 1 "clk";
    .port_info 1 /INPUT 1 "start";
    .port_info 2 /INPUT 128 "SCALE";
    .port_info 3 /OUTPUT 128 "WEIGHT";
    .port_info 4 /OUTPUT 1 "done";
P_00000131313f8030 .param/l "N" 0 10 4, +C4<00000000000000000000000000000010>;
v000001313141cc30 .array "SCALE", 3 0;
v000001313141cc30_0 .net/s v000001313141cc30 0, 31 0, L_00000131314ab240; 1 drivers
v000001313141cc30_1 .net/s v000001313141cc30 1, 31 0, L_00000131314ab8d0; 1 drivers
v000001313141cc30_2 .net/s v000001313141cc30 2, 31 0, L_00000131314ab2b0; 1 drivers
v000001313141cc30_3 .net/s v000001313141cc30 3, 31 0, L_00000131314ab5c0; 1 drivers
v000001313141c9b0 .array/s "WEIGHT", 3 0, 31 0;
v000001313141c0f0_0 .net "clk", 0 0, v0000013131459e20_0;  alias, 1 drivers
v000001313141d770_0 .var "done", 0 0;
v000001313141d8b0 .array "exp_val", 1 0, 31 0;
v000001313141cff0_0 .var/i "i", 31 0;
v000001313141d270_0 .var/i "j", 31 0;
v000001313141c230_0 .var/s "max_val", 31 0;
v000001313141bc90 .array/s "shifted", 1 0, 31 0;
v000001313141d3b0_0 .net "start", 0 0, v00000131313e6300_0;  alias, 1 drivers
v000001313141bfb0_0 .var "sum_exp", 63 0;
S_000001313139f970 .scope function.vec4.s32, "exp_lut" "exp_lut" 10 22, 10 22 0, S_000001313139d270;
 .timescale -9 -12;
v000001313141d1d0_0 .var "abs_x", 31 0;
; Variable exp_lut is vec4 return value of scope S_000001313139f970
v000001313141c370_0 .var/s "x", 31 0;
TD_tb_attention.dut.SOFTMAX_UNIT.exp_lut ;
    %load/vec4 v000001313141c370_0;
    %cmpi/s 0, 0, 32;
    %flag_inv 5; GE is !LT
    %jmp/0xz  T_0.0, 5;
    %pushi/vec4 256, 0, 32;
    %ret/vec4 0, 0, 32;  Assign to exp_lut (store_vec4_to_lval)
    %jmp T_0.1;
T_0.0 ;
    %load/vec4 v000001313141c370_0;
    %inv;
    %pushi/vec4 1, 0, 32;
    %add;
    %store/vec4 v000001313141d1d0_0, 0, 32;
    %load/vec4 v000001313141d1d0_0;
    %cmpi/e 1, 0, 32;
    %jmp/0xz  T_0.2, 4;
    %pushi/vec4 94, 0, 32;
    %ret/vec4 0, 0, 32;  Assign to exp_lut (store_vec4_to_lval)
    %jmp T_0.3;
T_0.2 ;
    %load/vec4 v000001313141d1d0_0;
    %cmpi/e 2, 0, 32;
    %jmp/0xz  T_0.4, 4;
    %pushi/vec4 35, 0, 32;
    %ret/vec4 0, 0, 32;  Assign to exp_lut (store_vec4_to_lval)
    %jmp T_0.5;
T_0.4 ;
    %load/vec4 v000001313141d1d0_0;
    %cmpi/e 3, 0, 32;
    %jmp/0xz  T_0.6, 4;
    %pushi/vec4 13, 0, 32;
    %ret/vec4 0, 0, 32;  Assign to exp_lut (store_vec4_to_lval)
    %jmp T_0.7;
T_0.6 ;
    %load/vec4 v000001313141d1d0_0;
    %cmpi/e 4, 0, 32;
    %jmp/0xz  T_0.8, 4;
    %pushi/vec4 5, 0, 32;
    %ret/vec4 0, 0, 32;  Assign to exp_lut (store_vec4_to_lval)
    %jmp T_0.9;
T_0.8 ;
    %load/vec4 v000001313141d1d0_0;
    %cmpi/e 5, 0, 32;
    %jmp/0xz  T_0.10, 4;
    %pushi/vec4 2, 0, 32;
    %ret/vec4 0, 0, 32;  Assign to exp_lut (store_vec4_to_lval)
    %jmp T_0.11;
T_0.10 ;
    %load/vec4 v000001313141d1d0_0;
    %cmpi/e 6, 0, 32;
    %jmp/0xz  T_0.12, 4;
    %pushi/vec4 1, 0, 32;
    %ret/vec4 0, 0, 32;  Assign to exp_lut (store_vec4_to_lval)
    %jmp T_0.13;
T_0.12 ;
    %pushi/vec4 0, 0, 32;
    %ret/vec4 0, 0, 32;  Assign to exp_lut (store_vec4_to_lval)
T_0.13 ;
T_0.11 ;
T_0.9 ;
T_0.7 ;
T_0.5 ;
T_0.3 ;
T_0.1 ;
    %end;
S_000001313139fb00 .scope module, "V_GEN" "matrix_mult" 4 166, 6 1 0, S_00000131313ed360;
 .timescale 0 0;
    .port_info 0 /INPUT 1 "clk";
    .port_info 1 /INPUT 1 "start";
    .port_info 2 /INPUT 128 "A";
    .port_info 3 /INPUT 256 "B";
    .port_info 4 /OUTPUT 256 "C";
    .port_info 5 /OUTPUT 1 "done";
P_00000131313bfb20 .param/l "D" 0 6 1, +C4<00000000000000000000000000000100>;
P_00000131313bfb58 .param/l "N" 0 6 1, +C4<00000000000000000000000000000010>;
v000001313141bdd0 .array "A", 7 0;
v000001313141bdd0_0 .net/s v000001313141bdd0 0, 15 0, L_00000131314aa380; 1 drivers
v000001313141bdd0_1 .net/s v000001313141bdd0 1, 15 0, L_00000131314aa1c0; 1 drivers
v000001313141bdd0_2 .net/s v000001313141bdd0 2, 15 0, L_00000131314aaf50; 1 drivers
v000001313141bdd0_3 .net/s v000001313141bdd0 3, 15 0, L_00000131314aaaf0; 1 drivers
v000001313141bdd0_4 .net/s v000001313141bdd0 4, 15 0, L_00000131314aa4d0; 1 drivers
v000001313141bdd0_5 .net/s v000001313141bdd0 5, 15 0, L_00000131314aa2a0; 1 drivers
v000001313141bdd0_6 .net/s v000001313141bdd0 6, 15 0, L_00000131314aa7e0; 1 drivers
v000001313141bdd0_7 .net/s v000001313141bdd0 7, 15 0, L_00000131314aa310; 1 drivers
v000001313141c2d0 .array "B", 15 0;
v000001313141c2d0_0 .net/s v000001313141c2d0 0, 15 0, L_00000131314ab030; 1 drivers
v000001313141c2d0_1 .net/s v000001313141c2d0 1, 15 0, L_00000131314aa700; 1 drivers
v000001313141c2d0_2 .net/s v000001313141c2d0 2, 15 0, L_00000131314aa150; 1 drivers
v000001313141c2d0_3 .net/s v000001313141c2d0 3, 15 0, L_00000131314aaa80; 1 drivers
v000001313141c2d0_4 .net/s v000001313141c2d0 4, 15 0, L_00000131314aa230; 1 drivers
v000001313141c2d0_5 .net/s v000001313141c2d0 5, 15 0, L_00000131314aa9a0; 1 drivers
v000001313141c2d0_6 .net/s v000001313141c2d0 6, 15 0, L_00000131314aa8c0; 1 drivers
v000001313141c2d0_7 .net/s v000001313141c2d0 7, 15 0, L_00000131314aa3f0; 1 drivers
v000001313141c2d0_8 .net/s v000001313141c2d0 8, 15 0, L_00000131314aa620; 1 drivers
v000001313141c2d0_9 .net/s v000001313141c2d0 9, 15 0, L_00000131314aaee0; 1 drivers
v000001313141c2d0_10 .net/s v000001313141c2d0 10, 15 0, L_00000131314aa690; 1 drivers
v000001313141c2d0_11 .net/s v000001313141c2d0 11, 15 0, L_00000131314aa460; 1 drivers
v000001313141c2d0_12 .net/s v000001313141c2d0 12, 15 0, L_00000131314aad90; 1 drivers
v000001313141c2d0_13 .net/s v000001313141c2d0 13, 15 0, L_00000131314aa540; 1 drivers
v000001313141c2d0_14 .net/s v000001313141c2d0 14, 15 0, L_00000131314aae70; 1 drivers
v000001313141c2d0_15 .net/s v000001313141c2d0 15, 15 0, L_00000131314aae00; 1 drivers
v000001313141c410 .array/s "C", 7 0, 31 0;
v000001313141d590_0 .net "clk", 0 0, v0000013131459e20_0;  alias, 1 drivers
v000001313141d9f0_0 .var "done", 0 0;
v000001313141c550_0 .var/i "i", 31 0;
v000001313141bb50_0 .var/i "j", 31 0;
v000001313141c5f0_0 .var/i "k", 31 0;
v000001313141c690_0 .net "start", 0 0, v00000131313e61c0_0;  alias, 1 drivers
    .scope S_00000131313ec4e0;
T_1 ;
    %wait E_00000131313f7f70;
    %load/vec4 v00000131313e4640_0;
    %flag_set/vec4 8;
    %jmp/0xz  T_1.0, 8;
    %pushi/vec4 0, 0, 3;
    %assign/vec4 v00000131313e6080_0, 0;
    %jmp T_1.1;
T_1.0 ;
    %load/vec4 v00000131313e5220_0;
    %assign/vec4 v00000131313e6080_0, 0;
T_1.1 ;
    %jmp T_1;
    .thread T_1;
    .scope S_00000131313ec4e0;
T_2 ;
    %wait E_00000131313f82b0;
    %load/vec4 v00000131313e6080_0;
    %store/vec4 v00000131313e5220_0, 0, 3;
    %load/vec4 v00000131313e6080_0;
    %dup/vec4;
    %pushi/vec4 0, 0, 3;
    %cmp/u;
    %jmp/1 T_2.0, 6;
    %dup/vec4;
    %pushi/vec4 1, 0, 3;
    %cmp/u;
    %jmp/1 T_2.1, 6;
    %dup/vec4;
    %pushi/vec4 2, 0, 3;
    %cmp/u;
    %jmp/1 T_2.2, 6;
    %dup/vec4;
    %pushi/vec4 3, 0, 3;
    %cmp/u;
    %jmp/1 T_2.3, 6;
    %dup/vec4;
    %pushi/vec4 4, 0, 3;
    %cmp/u;
    %jmp/1 T_2.4, 6;
    %dup/vec4;
    %pushi/vec4 5, 0, 3;
    %cmp/u;
    %jmp/1 T_2.5, 6;
    %dup/vec4;
    %pushi/vec4 6, 0, 3;
    %cmp/u;
    %jmp/1 T_2.6, 6;
    %dup/vec4;
    %pushi/vec4 7, 0, 3;
    %cmp/u;
    %jmp/1 T_2.7, 6;
    %pushi/vec4 0, 0, 3;
    %store/vec4 v00000131313e5220_0, 0, 3;
    %jmp T_2.9;
T_2.0 ;
    %pushi/vec4 1, 0, 3;
    %store/vec4 v00000131313e5220_0, 0, 3;
    %jmp T_2.9;
T_2.1 ;
    %load/vec4 v00000131313e5900_0;
    %flag_set/vec4 8;
    %jmp/0xz  T_2.10, 8;
    %pushi/vec4 2, 0, 3;
    %store/vec4 v00000131313e5220_0, 0, 3;
T_2.10 ;
    %jmp T_2.9;
T_2.2 ;
    %load/vec4 v00000131313e4be0_0;
    %flag_set/vec4 8;
    %jmp/0xz  T_2.12, 8;
    %pushi/vec4 3, 0, 3;
    %store/vec4 v00000131313e5220_0, 0, 3;
T_2.12 ;
    %jmp T_2.9;
T_2.3 ;
    %load/vec4 v00000131313e6260_0;
    %flag_set/vec4 8;
    %jmp/0xz  T_2.14, 8;
    %pushi/vec4 4, 0, 3;
    %store/vec4 v00000131313e5220_0, 0, 3;
T_2.14 ;
    %jmp T_2.9;
T_2.4 ;
    %load/vec4 v00000131313e4c80_0;
    %flag_set/vec4 8;
    %jmp/0xz  T_2.16, 8;
    %pushi/vec4 5, 0, 3;
    %store/vec4 v00000131313e5220_0, 0, 3;
T_2.16 ;
    %jmp T_2.9;
T_2.5 ;
    %load/vec4 v00000131313e4780_0;
    %flag_set/vec4 8;
    %jmp/0xz  T_2.18, 8;
    %pushi/vec4 6, 0, 3;
    %store/vec4 v00000131313e5220_0, 0, 3;
T_2.18 ;
    %jmp T_2.9;
T_2.6 ;
    %load/vec4 v00000131313e4a00_0;
    %flag_set/vec4 8;
    %jmp/0xz  T_2.20, 8;
    %pushi/vec4 7, 0, 3;
    %store/vec4 v00000131313e5220_0, 0, 3;
T_2.20 ;
    %jmp T_2.9;
T_2.7 ;
    %load/vec4 v00000131313e4dc0_0;
    %flag_set/vec4 8;
    %jmp/0xz  T_2.22, 8;
    %pushi/vec4 7, 0, 3;
    %store/vec4 v00000131313e5220_0, 0, 3;
T_2.22 ;
    %jmp T_2.9;
T_2.9 ;
    %pop/vec4 1;
    %jmp T_2;
    .thread T_2, $push;
    .scope S_00000131313ec4e0;
T_3 ;
    %wait E_00000131313f6f30;
    %pushi/vec4 0, 0, 1;
    %store/vec4 v00000131313e6120_0, 0, 1;
    %pushi/vec4 0, 0, 1;
    %store/vec4 v00000131313e61c0_0, 0, 1;
    %pushi/vec4 0, 0, 1;
    %store/vec4 v00000131313e5860_0, 0, 1;
    %pushi/vec4 0, 0, 1;
    %store/vec4 v00000131313e5b80_0, 0, 1;
    %pushi/vec4 0, 0, 1;
    %store/vec4 v00000131313e6300_0, 0, 1;
    %pushi/vec4 0, 0, 1;
    %store/vec4 v00000131313e4b40_0, 0, 1;
    %pushi/vec4 0, 0, 1;
    %store/vec4 v00000131313e5ea0_0, 0, 1;
    %pushi/vec4 0, 0, 1;
    %store/vec4 v00000131313e5180_0, 0, 1;
    %load/vec4 v00000131313e6080_0;
    %dup/vec4;
    %pushi/vec4 0, 0, 3;
    %cmp/u;
    %jmp/1 T_3.0, 6;
    %dup/vec4;
    %pushi/vec4 1, 0, 3;
    %cmp/u;
    %jmp/1 T_3.1, 6;
    %dup/vec4;
    %pushi/vec4 2, 0, 3;
    %cmp/u;
    %jmp/1 T_3.2, 6;
    %dup/vec4;
    %pushi/vec4 3, 0, 3;
    %cmp/u;
    %jmp/1 T_3.3, 6;
    %dup/vec4;
    %pushi/vec4 4, 0, 3;
    %cmp/u;
    %jmp/1 T_3.4, 6;
    %dup/vec4;
    %pushi/vec4 5, 0, 3;
    %cmp/u;
    %jmp/1 T_3.5, 6;
    %dup/vec4;
    %pushi/vec4 6, 0, 3;
    %cmp/u;
    %jmp/1 T_3.6, 6;
    %dup/vec4;
    %pushi/vec4 7, 0, 3;
    %cmp/u;
    %jmp/1 T_3.7, 6;
    %jmp T_3.8;
T_3.0 ;
    %pushi/vec4 0, 0, 1;
    %store/vec4 v00000131313e5180_0, 0, 1;
    %jmp T_3.8;
T_3.1 ;
    %pushi/vec4 1, 0, 1;
    %store/vec4 v00000131313e6120_0, 0, 1;
    %jmp T_3.8;
T_3.2 ;
    %pushi/vec4 1, 0, 1;
    %store/vec4 v00000131313e61c0_0, 0, 1;
    %jmp T_3.8;
T_3.3 ;
    %pushi/vec4 1, 0, 1;
    %store/vec4 v00000131313e5860_0, 0, 1;
    %jmp T_3.8;
T_3.4 ;
    %pushi/vec4 1, 0, 1;
    %store/vec4 v00000131313e5b80_0, 0, 1;
    %jmp T_3.8;
T_3.5 ;
    %pushi/vec4 1, 0, 1;
    %store/vec4 v00000131313e6300_0, 0, 1;
    %jmp T_3.8;
T_3.6 ;
    %pushi/vec4 1, 0, 1;
    %store/vec4 v00000131313e4b40_0, 0, 1;
    %jmp T_3.8;
T_3.7 ;
    %pushi/vec4 0, 0, 1;
    %assign/vec4 v00000131313e5ea0_0, 0;
    %wait E_00000131313f6f70;
    %pushi/vec4 1, 0, 1;
    %assign/vec4 v00000131313e5ea0_0, 0;
    %wait E_00000131313f6f70;
    %pushi/vec4 0, 0, 1;
    %assign/vec4 v00000131313e5ea0_0, 0;
    %pushi/vec4 1, 0, 1;
    %store/vec4 v00000131313e5180_0, 0, 1;
    %jmp T_3.8;
T_3.8 ;
    %pop/vec4 1;
    %jmp T_3;
    .thread T_3, $push;
    .scope S_00000131313a7a50;
T_4 ;
    %wait E_00000131313f6f70;
    %load/vec4 v000001313141bf10_0;
    %flag_set/vec4 8;
    %jmp/0xz  T_4.0, 8;
    %pushi/vec4 0, 0, 32;
    %store/vec4 v000001313141d950_0, 0, 32;
T_4.2 ;
    %load/vec4 v000001313141d950_0;
    %cmpi/s 2, 0, 32;
    %jmp/0xz T_4.3, 5;
    %pushi/vec4 0, 0, 32;
    %store/vec4 v000001313141ccd0_0, 0, 32;
T_4.4 ;
    %load/vec4 v000001313141ccd0_0;
    %cmpi/s 4, 0, 32;
    %jmp/0xz T_4.5, 5;
    %pushi/vec4 0, 0, 32;
    %load/vec4 v000001313141d950_0;
    %pad/s 35;
    %pad/s 37;
    %muli 4, 0, 37;
    %pad/s 38;
    %load/vec4 v000001313141ccd0_0;
    %pad/s 38;
    %add;
    %ix/vec4/s 4;
    %store/vec4a v00000131313cd2c0, 4, 0;
    %pushi/vec4 0, 0, 32;
    %store/vec4 v000001313141c910_0, 0, 32;
T_4.6 ;
    %load/vec4 v000001313141c910_0;
    %cmpi/s 4, 0, 32;
    %jmp/0xz T_4.7, 5;
    %load/vec4 v000001313141d950_0;
    %pad/s 35;
    %pad/s 37;
    %muli 4, 0, 37;
    %pad/s 38;
    %load/vec4 v000001313141ccd0_0;
    %pad/s 38;
    %add;
    %ix/vec4/s 4;
    %load/vec4a v00000131313cd2c0, 4;
    %load/vec4 v000001313141d950_0;
    %pad/s 35;
    %pad/s 37;
    %muli 4, 0, 37;
    %pad/s 38;
    %load/vec4 v000001313141c910_0;
    %pad/s 38;
    %add;
    %ix/vec4/s 4;
    %load/vec4a v00000131313cd180, 4;
    %pad/s 32;
    %load/vec4 v000001313141c910_0;
    %pad/s 35;
    %pad/s 37;
    %muli 4, 0, 37;
    %pad/s 38;
    %load/vec4 v000001313141ccd0_0;
    %pad/s 38;
    %add;
    %ix/vec4/s 4;
    %load/vec4a v00000131313cdd60, 4;
    %pad/s 32;
    %mul;
    %add;
    %load/vec4 v000001313141d950_0;
    %pad/s 35;
    %pad/s 37;
    %muli 4, 0, 37;
    %pad/s 38;
    %load/vec4 v000001313141ccd0_0;
    %pad/s 38;
    %add;
    %ix/vec4/s 4;
    %store/vec4a v00000131313cd2c0, 4, 0;
    %load/vec4 v000001313141c910_0;
    %addi 1, 0, 32;
    %store/vec4 v000001313141c910_0, 0, 32;
    %jmp T_4.6;
T_4.7 ;
    %load/vec4 v000001313141ccd0_0;
    %addi 1, 0, 32;
    %store/vec4 v000001313141ccd0_0, 0, 32;
    %jmp T_4.4;
T_4.5 ;
    %load/vec4 v000001313141d950_0;
    %addi 1, 0, 32;
    %store/vec4 v000001313141d950_0, 0, 32;
    %jmp T_4.2;
T_4.3 ;
    %pushi/vec4 1, 0, 1;
    %assign/vec4 v00000131313cd040_0, 0;
T_4.0 ;
    %jmp T_4;
    .thread T_4;
    .scope S_00000131313b85b0;
T_5 ;
    %wait E_00000131313f6f70;
    %load/vec4 v00000131313e59a0_0;
    %flag_set/vec4 8;
    %jmp/0xz  T_5.0, 8;
    %pushi/vec4 0, 0, 32;
    %store/vec4 v00000131313e48c0_0, 0, 32;
T_5.2 ;
    %load/vec4 v00000131313e48c0_0;
    %cmpi/s 2, 0, 32;
    %jmp/0xz T_5.3, 5;
    %pushi/vec4 0, 0, 32;
    %store/vec4 v00000131313e55e0_0, 0, 32;
T_5.4 ;
    %load/vec4 v00000131313e55e0_0;
    %cmpi/s 4, 0, 32;
    %jmp/0xz T_5.5, 5;
    %pushi/vec4 0, 0, 32;
    %load/vec4 v00000131313e48c0_0;
    %pad/s 35;
    %pad/s 37;
    %muli 4, 0, 37;
    %pad/s 38;
    %load/vec4 v00000131313e55e0_0;
    %pad/s 38;
    %add;
    %ix/vec4/s 4;
    %store/vec4a v00000131313e4820, 4, 0;
    %pushi/vec4 0, 0, 32;
    %store/vec4 v00000131313e4960_0, 0, 32;
T_5.6 ;
    %load/vec4 v00000131313e4960_0;
    %cmpi/s 4, 0, 32;
    %jmp/0xz T_5.7, 5;
    %load/vec4 v00000131313e48c0_0;
    %pad/s 35;
    %pad/s 37;
    %muli 4, 0, 37;
    %pad/s 38;
    %load/vec4 v00000131313e55e0_0;
    %pad/s 38;
    %add;
    %ix/vec4/s 4;
    %load/vec4a v00000131313e4820, 4;
    %load/vec4 v00000131313e48c0_0;
    %pad/s 35;
    %pad/s 37;
    %muli 4, 0, 37;
    %pad/s 38;
    %load/vec4 v00000131313e4960_0;
    %pad/s 38;
    %add;
    %ix/vec4/s 4;
    %load/vec4a v00000131313e5720, 4;
    %pad/s 32;
    %load/vec4 v00000131313e4960_0;
    %pad/s 35;
    %pad/s 37;
    %muli 4, 0, 37;
    %pad/s 38;
    %load/vec4 v00000131313e55e0_0;
    %pad/s 38;
    %add;
    %ix/vec4/s 4;
    %load/vec4a v00000131313e4e60, 4;
    %pad/s 32;
    %mul;
    %add;
    %load/vec4 v00000131313e48c0_0;
    %pad/s 35;
    %pad/s 37;
    %muli 4, 0, 37;
    %pad/s 38;
    %load/vec4 v00000131313e55e0_0;
    %pad/s 38;
    %add;
    %ix/vec4/s 4;
    %store/vec4a v00000131313e4820, 4, 0;
    %load/vec4 v00000131313e4960_0;
    %addi 1, 0, 32;
    %store/vec4 v00000131313e4960_0, 0, 32;
    %jmp T_5.6;
T_5.7 ;
    %load/vec4 v00000131313e55e0_0;
    %addi 1, 0, 32;
    %store/vec4 v00000131313e55e0_0, 0, 32;
    %jmp T_5.4;
T_5.5 ;
    %load/vec4 v00000131313e48c0_0;
    %addi 1, 0, 32;
    %store/vec4 v00000131313e48c0_0, 0, 32;
    %jmp T_5.2;
T_5.3 ;
    %pushi/vec4 1, 0, 1;
    %assign/vec4 v00000131313e5540_0, 0;
T_5.0 ;
    %jmp T_5;
    .thread T_5;
    .scope S_000001313139fb00;
T_6 ;
    %wait E_00000131313f6f70;
    %load/vec4 v000001313141c690_0;
    %flag_set/vec4 8;
    %jmp/0xz  T_6.0, 8;
    %pushi/vec4 0, 0, 32;
    %store/vec4 v000001313141c550_0, 0, 32;
T_6.2 ;
    %load/vec4 v000001313141c550_0;
    %cmpi/s 2, 0, 32;
    %jmp/0xz T_6.3, 5;
    %pushi/vec4 0, 0, 32;
    %store/vec4 v000001313141bb50_0, 0, 32;
T_6.4 ;
    %load/vec4 v000001313141bb50_0;
    %cmpi/s 4, 0, 32;
    %jmp/0xz T_6.5, 5;
    %pushi/vec4 0, 0, 32;
    %load/vec4 v000001313141c550_0;
    %pad/s 35;
    %pad/s 37;
    %muli 4, 0, 37;
    %pad/s 38;
    %load/vec4 v000001313141bb50_0;
    %pad/s 38;
    %add;
    %ix/vec4/s 4;
    %store/vec4a v000001313141c410, 4, 0;
    %pushi/vec4 0, 0, 32;
    %store/vec4 v000001313141c5f0_0, 0, 32;
T_6.6 ;
    %load/vec4 v000001313141c5f0_0;
    %cmpi/s 4, 0, 32;
    %jmp/0xz T_6.7, 5;
    %load/vec4 v000001313141c550_0;
    %pad/s 35;
    %pad/s 37;
    %muli 4, 0, 37;
    %pad/s 38;
    %load/vec4 v000001313141bb50_0;
    %pad/s 38;
    %add;
    %ix/vec4/s 4;
    %load/vec4a v000001313141c410, 4;
    %load/vec4 v000001313141c550_0;
    %pad/s 35;
    %pad/s 37;
    %muli 4, 0, 37;
    %pad/s 38;
    %load/vec4 v000001313141c5f0_0;
    %pad/s 38;
    %add;
    %ix/vec4/s 4;
    %load/vec4a v000001313141bdd0, 4;
    %pad/s 32;
    %load/vec4 v000001313141c5f0_0;
    %pad/s 35;
    %pad/s 37;
    %muli 4, 0, 37;
    %pad/s 38;
    %load/vec4 v000001313141bb50_0;
    %pad/s 38;
    %add;
    %ix/vec4/s 4;
    %load/vec4a v000001313141c2d0, 4;
    %pad/s 32;
    %mul;
    %add;
    %load/vec4 v000001313141c550_0;
    %pad/s 35;
    %pad/s 37;
    %muli 4, 0, 37;
    %pad/s 38;
    %load/vec4 v000001313141bb50_0;
    %pad/s 38;
    %add;
    %ix/vec4/s 4;
    %store/vec4a v000001313141c410, 4, 0;
    %load/vec4 v000001313141c5f0_0;
    %addi 1, 0, 32;
    %store/vec4 v000001313141c5f0_0, 0, 32;
    %jmp T_6.6;
T_6.7 ;
    %load/vec4 v000001313141bb50_0;
    %addi 1, 0, 32;
    %store/vec4 v000001313141bb50_0, 0, 32;
    %jmp T_6.4;
T_6.5 ;
    %load/vec4 v000001313141c550_0;
    %addi 1, 0, 32;
    %store/vec4 v000001313141c550_0, 0, 32;
    %jmp T_6.2;
T_6.3 ;
    %pushi/vec4 1, 0, 1;
    %assign/vec4 v000001313141d9f0_0, 0;
T_6.0 ;
    %jmp T_6;
    .thread T_6;
    .scope S_000001313139d0e0;
T_7 ;
    %wait E_00000131313f6f70;
    %load/vec4 v000001313141c730_0;
    %flag_set/vec4 8;
    %jmp/0xz  T_7.0, 8;
    %pushi/vec4 0, 0, 32;
    %store/vec4 v000001313141cf50_0, 0, 32;
T_7.2 ;
    %load/vec4 v000001313141cf50_0;
    %cmpi/s 2, 0, 32;
    %jmp/0xz T_7.3, 5;
    %pushi/vec4 0, 0, 32;
    %store/vec4 v000001313141c4b0_0, 0, 32;
T_7.4 ;
    %load/vec4 v000001313141c4b0_0;
    %cmpi/s 2, 0, 32;
    %jmp/0xz T_7.5, 5;
    %pushi/vec4 0, 0, 32;
    %load/vec4 v000001313141cf50_0;
    %pad/s 34;
    %pad/s 35;
    %muli 2, 0, 35;
    %pad/s 36;
    %load/vec4 v000001313141c4b0_0;
    %pad/s 36;
    %add;
    %ix/vec4/s 4;
    %store/vec4a v000001313141bd30, 4, 0;
    %pushi/vec4 0, 0, 32;
    %store/vec4 v000001313141be70_0, 0, 32;
T_7.6 ;
    %load/vec4 v000001313141be70_0;
    %cmpi/s 4, 0, 32;
    %jmp/0xz T_7.7, 5;
    %load/vec4 v000001313141cf50_0;
    %pad/s 34;
    %pad/s 35;
    %muli 2, 0, 35;
    %pad/s 36;
    %load/vec4 v000001313141c4b0_0;
    %pad/s 36;
    %add;
    %ix/vec4/s 4;
    %load/vec4a v000001313141bd30, 4;
    %load/vec4 v000001313141cf50_0;
    %pad/s 35;
    %pad/s 37;
    %muli 4, 0, 37;
    %pad/s 38;
    %load/vec4 v000001313141be70_0;
    %pad/s 38;
    %add;
    %ix/vec4/s 4;
    %load/vec4a v000001313141d6d0, 4;
    %load/vec4 v000001313141c4b0_0;
    %pad/s 35;
    %pad/s 37;
    %muli 4, 0, 37;
    %pad/s 38;
    %load/vec4 v000001313141be70_0;
    %pad/s 38;
    %add;
    %ix/vec4/s 4;
    %load/vec4a v000001313141c050, 4;
    %mul;
    %add;
    %load/vec4 v000001313141cf50_0;
    %pad/s 34;
    %pad/s 35;
    %muli 2, 0, 35;
    %pad/s 36;
    %load/vec4 v000001313141c4b0_0;
    %pad/s 36;
    %add;
    %ix/vec4/s 4;
    %store/vec4a v000001313141bd30, 4, 0;
    %load/vec4 v000001313141be70_0;
    %addi 1, 0, 32;
    %store/vec4 v000001313141be70_0, 0, 32;
    %jmp T_7.6;
T_7.7 ;
    %load/vec4 v000001313141c4b0_0;
    %addi 1, 0, 32;
    %store/vec4 v000001313141c4b0_0, 0, 32;
    %jmp T_7.4;
T_7.5 ;
    %load/vec4 v000001313141cf50_0;
    %addi 1, 0, 32;
    %store/vec4 v000001313141cf50_0, 0, 32;
    %jmp T_7.2;
T_7.3 ;
    %pushi/vec4 1, 0, 1;
    %assign/vec4 v000001313141d810_0, 0;
T_7.0 ;
    %jmp T_7;
    .thread T_7;
    .scope S_00000131313a7be0;
T_8 ;
    %wait E_00000131313f6f70;
    %load/vec4 v000001313141d4f0_0;
    %flag_set/vec4 8;
    %jmp/0xz  T_8.0, 8;
    %pushi/vec4 0, 0, 32;
    %store/vec4 v000001313141d130_0, 0, 32;
T_8.2 ;
    %load/vec4 v000001313141d130_0;
    %cmpi/s 2, 0, 32;
    %jmp/0xz T_8.3, 5;
    %pushi/vec4 0, 0, 32;
    %store/vec4 v000001313141bbf0_0, 0, 32;
T_8.4 ;
    %load/vec4 v000001313141bbf0_0;
    %cmpi/s 2, 0, 32;
    %jmp/0xz T_8.5, 5;
    %load/vec4 v000001313141d130_0;
    %pad/s 34;
    %pad/s 35;
    %muli 2, 0, 35;
    %pad/s 36;
    %load/vec4 v000001313141bbf0_0;
    %pad/s 36;
    %add;
    %ix/vec4/s 4;
    %load/vec4a v000001313141d450, 4;
    %ix/load 4, 1, 0;
    %flag_set/imm 4, 0;
    %shiftr/s 4;
    %load/vec4 v000001313141d130_0;
    %pad/s 34;
    %pad/s 35;
    %muli 2, 0, 35;
    %pad/s 36;
    %load/vec4 v000001313141bbf0_0;
    %pad/s 36;
    %add;
    %ix/vec4/s 4;
    %store/vec4a v000001313141d090, 4, 0;
    %load/vec4 v000001313141bbf0_0;
    %addi 1, 0, 32;
    %store/vec4 v000001313141bbf0_0, 0, 32;
    %jmp T_8.4;
T_8.5 ;
    %load/vec4 v000001313141d130_0;
    %addi 1, 0, 32;
    %store/vec4 v000001313141d130_0, 0, 32;
    %jmp T_8.2;
T_8.3 ;
    %pushi/vec4 1, 0, 1;
    %assign/vec4 v000001313141ceb0_0, 0;
T_8.0 ;
    %jmp T_8;
    .thread T_8;
    .scope S_000001313139d270;
T_9 ;
    %wait E_00000131313f6f70;
    %load/vec4 v000001313141d3b0_0;
    %flag_set/vec4 8;
    %jmp/0xz  T_9.0, 8;
    %pushi/vec4 0, 0, 32;
    %store/vec4 v000001313141cff0_0, 0, 32;
T_9.2 ;
    %load/vec4 v000001313141cff0_0;
    %cmpi/s 2, 0, 32;
    %jmp/0xz T_9.3, 5;
    %load/vec4 v000001313141cff0_0;
    %pad/s 34;
    %pad/s 35;
    %muli 2, 0, 35;
    %ix/vec4/s 4;
    %load/vec4a v000001313141cc30, 4;
    %store/vec4 v000001313141c230_0, 0, 32;
    %pushi/vec4 1, 0, 32;
    %store/vec4 v000001313141d270_0, 0, 32;
T_9.4 ;
    %load/vec4 v000001313141d270_0;
    %cmpi/s 2, 0, 32;
    %jmp/0xz T_9.5, 5;
    %load/vec4 v000001313141c230_0;
    %load/vec4 v000001313141cff0_0;
    %pad/s 34;
    %pad/s 35;
    %muli 2, 0, 35;
    %pad/s 36;
    %load/vec4 v000001313141d270_0;
    %pad/s 36;
    %add;
    %ix/vec4/s 4;
    %load/vec4a v000001313141cc30, 4;
    %cmp/s;
    %jmp/0xz  T_9.6, 5;
    %load/vec4 v000001313141cff0_0;
    %pad/s 34;
    %pad/s 35;
    %muli 2, 0, 35;
    %pad/s 36;
    %load/vec4 v000001313141d270_0;
    %pad/s 36;
    %add;
    %ix/vec4/s 4;
    %load/vec4a v000001313141cc30, 4;
    %store/vec4 v000001313141c230_0, 0, 32;
T_9.6 ;
    %load/vec4 v000001313141d270_0;
    %addi 1, 0, 32;
    %store/vec4 v000001313141d270_0, 0, 32;
    %jmp T_9.4;
T_9.5 ;
    %pushi/vec4 0, 0, 64;
    %store/vec4 v000001313141bfb0_0, 0, 64;
    %pushi/vec4 0, 0, 32;
    %store/vec4 v000001313141d270_0, 0, 32;
T_9.8 ;
    %load/vec4 v000001313141d270_0;
    %cmpi/s 2, 0, 32;
    %jmp/0xz T_9.9, 5;
    %load/vec4 v000001313141cff0_0;
    %pad/s 34;
    %pad/s 35;
    %muli 2, 0, 35;
    %pad/s 36;
    %load/vec4 v000001313141d270_0;
    %pad/s 36;
    %add;
    %ix/vec4/s 4;
    %load/vec4a v000001313141cc30, 4;
    %load/vec4 v000001313141c230_0;
    %sub;
    %ix/getv/s 4, v000001313141d270_0;
    %store/vec4a v000001313141bc90, 4, 0;
    %ix/getv/s 4, v000001313141d270_0;
    %load/vec4a v000001313141bc90, 4;
    %store/vec4 v000001313141c370_0, 0, 32;
    %callf/vec4 TD_tb_attention.dut.SOFTMAX_UNIT.exp_lut, S_000001313139f970;
    %ix/getv/s 4, v000001313141d270_0;
    %store/vec4a v000001313141d8b0, 4, 0;
    %load/vec4 v000001313141bfb0_0;
    %pushi/vec4 0, 0, 32;
    %ix/getv/s 4, v000001313141d270_0;
    %load/vec4a v000001313141d8b0, 4;
    %concat/vec4; draw_concat_vec4
    %add;
    %store/vec4 v000001313141bfb0_0, 0, 64;
    %load/vec4 v000001313141d270_0;
    %addi 1, 0, 32;
    %store/vec4 v000001313141d270_0, 0, 32;
    %jmp T_9.8;
T_9.9 ;
    %pushi/vec4 0, 0, 32;
    %store/vec4 v000001313141d270_0, 0, 32;
T_9.10 ;
    %load/vec4 v000001313141d270_0;
    %cmpi/s 2, 0, 32;
    %jmp/0xz T_9.11, 5;
    %load/vec4 v000001313141bfb0_0;
    %cmpi/ne 0, 0, 64;
    %jmp/0xz  T_9.12, 4;
    %ix/getv/s 4, v000001313141d270_0;
    %load/vec4a v000001313141d8b0, 4;
    %muli 256, 0, 32;
    %load/vec4 v000001313141bfb0_0;
    %parti/s 32, 0, 2;
    %div;
    %load/vec4 v000001313141cff0_0;
    %pad/s 34;
    %pad/s 35;
    %muli 2, 0, 35;
    %pad/s 36;
    %load/vec4 v000001313141d270_0;
    %pad/s 36;
    %add;
    %ix/vec4/s 4;
    %store/vec4a v000001313141c9b0, 4, 0;
    %jmp T_9.13;
T_9.12 ;
    %pushi/vec4 0, 0, 32;
    %load/vec4 v000001313141cff0_0;
    %pad/s 34;
    %pad/s 35;
    %muli 2, 0, 35;
    %pad/s 36;
    %load/vec4 v000001313141d270_0;
    %pad/s 36;
    %add;
    %ix/vec4/s 4;
    %store/vec4a v000001313141c9b0, 4, 0;
T_9.13 ;
    %load/vec4 v000001313141d270_0;
    %addi 1, 0, 32;
    %store/vec4 v000001313141d270_0, 0, 32;
    %jmp T_9.10;
T_9.11 ;
    %load/vec4 v000001313141cff0_0;
    %addi 1, 0, 32;
    %store/vec4 v000001313141cff0_0, 0, 32;
    %jmp T_9.2;
T_9.3 ;
    %pushi/vec4 1, 0, 1;
    %assign/vec4 v000001313141d770_0, 0;
    %jmp T_9.1;
T_9.0 ;
    %pushi/vec4 0, 0, 1;
    %assign/vec4 v000001313141d770_0, 0;
T_9.1 ;
    %jmp T_9;
    .thread T_9;
    .scope S_00000131313b8740;
T_10 ;
    %wait E_00000131313f6f70;
    %load/vec4 v00000131313e5e00_0;
    %flag_set/vec4 8;
    %jmp/0xz  T_10.0, 8;
    %pushi/vec4 0, 0, 32;
    %store/vec4 v00000131313e57c0_0, 0, 32;
T_10.2 ;
    %load/vec4 v00000131313e57c0_0;
    %cmpi/s 2, 0, 32;
    %jmp/0xz T_10.3, 5;
    %pushi/vec4 0, 0, 32;
    %store/vec4 v00000131313e5cc0_0, 0, 32;
T_10.4 ;
    %load/vec4 v00000131313e5cc0_0;
    %cmpi/s 4, 0, 32;
    %jmp/0xz T_10.5, 5;
    %pushi/vec4 0, 0, 64;
    %store/vec4 v00000131313e54a0_0, 0, 64;
    %pushi/vec4 0, 0, 32;
    %store/vec4 v00000131313e5d60_0, 0, 32;
T_10.6 ;
    %load/vec4 v00000131313e5d60_0;
    %cmpi/s 2, 0, 32;
    %jmp/0xz T_10.7, 5;
    %load/vec4 v00000131313e54a0_0;
    %load/vec4 v00000131313e57c0_0;
    %pad/s 34;
    %pad/s 35;
    %muli 2, 0, 35;
    %pad/s 36;
    %load/vec4 v00000131313e5d60_0;
    %pad/s 36;
    %add;
    %ix/vec4/s 4;
    %load/vec4a v00000131313e5400, 4;
    %pad/s 64;
    %load/vec4 v00000131313e5d60_0;
    %pad/s 35;
    %pad/s 37;
    %muli 4, 0, 37;
    %pad/s 38;
    %load/vec4 v00000131313e5cc0_0;
    %pad/s 38;
    %add;
    %ix/vec4/s 4;
    %load/vec4a v00000131313e4fa0, 4;
    %pad/s 64;
    %mul;
    %add;
    %store/vec4 v00000131313e54a0_0, 0, 64;
    %load/vec4 v00000131313e5d60_0;
    %addi 1, 0, 32;
    %store/vec4 v00000131313e5d60_0, 0, 32;
    %jmp T_10.6;
T_10.7 ;
    %load/vec4 v00000131313e54a0_0;
    %ix/load 4, 8, 0;
    %flag_set/imm 4, 0;
    %shiftr/s 4;
    %pad/s 32;
    %load/vec4 v00000131313e57c0_0;
    %pad/s 35;
    %pad/s 37;
    %muli 4, 0, 37;
    %pad/s 38;
    %load/vec4 v00000131313e5cc0_0;
    %pad/s 38;
    %add;
    %ix/vec4/s 3;
    %ix/load 4, 0, 0; Constant delay
    %assign/vec4/a/d v00000131313e46e0, 0, 4;
    %load/vec4 v00000131313e5cc0_0;
    %addi 1, 0, 32;
    %store/vec4 v00000131313e5cc0_0, 0, 32;
    %jmp T_10.4;
T_10.5 ;
    %load/vec4 v00000131313e57c0_0;
    %addi 1, 0, 32;
    %store/vec4 v00000131313e57c0_0, 0, 32;
    %jmp T_10.2;
T_10.3 ;
    %pushi/vec4 1, 0, 1;
    %assign/vec4 v00000131313e5ae0_0, 0;
    %jmp T_10.1;
T_10.0 ;
    %pushi/vec4 0, 0, 1;
    %assign/vec4 v00000131313e5ae0_0, 0;
T_10.1 ;
    %jmp T_10;
    .thread T_10;
    .scope S_00000131313ed360;
T_11 ;
    %pushi/vec4 0, 0, 1;
    %store/vec4 v0000013131459600_0, 0, 1;
    %vpi_call/w 4 82 "$readmemh", "data/token.txt", v00000131314591a0 {0 0 0};
    %vpi_call/w 4 88 "$readmemh", "data/wq.txt", v0000013131459a60 {0 0 0};
    %vpi_call/w 4 89 "$readmemh", "data/wk.txt", v000001313145a640 {0 0 0};
    %vpi_call/w 4 90 "$readmemh", "data/wv.txt", v0000013131459560 {0 0 0};
    %end;
    .thread T_11;
    .scope S_00000131313ed360;
T_12 ;
    %wait E_00000131313f7f70;
    %load/vec4 v00000131314592e0_0;
    %flag_set/vec4 8;
    %jmp/0xz  T_12.0, 8;
    %pushi/vec4 0, 0, 1;
    %assign/vec4 v0000013131459600_0, 0;
    %jmp T_12.1;
T_12.0 ;
    %load/vec4 v0000013131459600_0;
    %nor/r;
    %flag_set/vec4 8;
    %jmp/0xz  T_12.2, 8;
    %load/vec4 v00000131314596a0_0;
    %flag_set/vec4 8;
    %jmp/0xz  T_12.4, 8;
    %vpi_func 4 267 "$fopen" 32, "output/output.txt", "w" {0 0 0};
    %store/vec4 v00000131314597e0_0, 0, 32;
    %pushi/vec4 0, 0, 32;
    %store/vec4 v000001313145ac80_0, 0, 32;
T_12.6 ;
    %load/vec4 v000001313145ac80_0;
    %cmpi/s 2, 0, 32;
    %jmp/0xz T_12.7, 5;
    %pushi/vec4 0, 0, 32;
    %store/vec4 v000001313145ae60_0, 0, 32;
T_12.8 ;
    %load/vec4 v000001313145ae60_0;
    %cmpi/s 4, 0, 32;
    %jmp/0xz T_12.9, 5;
    %load/vec4 v000001313145ac80_0;
    %pad/s 35;
    %pad/s 37;
    %muli 4, 0, 37;
    %pad/s 38;
    %load/vec4 v000001313145ae60_0;
    %pad/s 38;
    %add;
    %ix/vec4/s 4;
    %load/vec4a v000001313141c870, 4;
    %vpi_call/w 4 273 "$fwrite", v00000131314597e0_0, "%d ", S<0,vec4,s32> {1 0 0};
    %load/vec4 v000001313145ae60_0;
    %addi 1, 0, 32;
    %store/vec4 v000001313145ae60_0, 0, 32;
    %jmp T_12.8;
T_12.9 ;
    %vpi_call/w 4 277 "$fwrite", v00000131314597e0_0, "\012" {0 0 0};
    %load/vec4 v000001313145ac80_0;
    %addi 1, 0, 32;
    %store/vec4 v000001313145ac80_0, 0, 32;
    %jmp T_12.6;
T_12.7 ;
    %vpi_call/w 4 281 "$fclose", v00000131314597e0_0 {0 0 0};
    %pushi/vec4 1, 0, 1;
    %assign/vec4 v0000013131459600_0, 0;
T_12.4 ;
    %load/vec4 v0000013131459380_0;
    %flag_set/vec4 8;
    %jmp/0xz  T_12.10, 8;
    %vpi_call/w 4 293 "$display", "\012========== Q MATRIX ==========" {0 0 0};
    %pushi/vec4 0, 0, 32;
    %store/vec4 v000001313145ac80_0, 0, 32;
T_12.12 ;
    %load/vec4 v000001313145ac80_0;
    %cmpi/s 2, 0, 32;
    %jmp/0xz T_12.13, 5;
    %pushi/vec4 0, 0, 32;
    %store/vec4 v000001313145ae60_0, 0, 32;
T_12.14 ;
    %load/vec4 v000001313145ae60_0;
    %cmpi/s 4, 0, 32;
    %jmp/0xz T_12.15, 5;
    %load/vec4 v000001313145ac80_0;
    %pad/s 35;
    %pad/s 37;
    %muli 4, 0, 37;
    %pad/s 38;
    %load/vec4 v000001313145ae60_0;
    %pad/s 38;
    %add;
    %ix/vec4/s 4;
    %load/vec4a v000001313141ca50, 4;
    %vpi_call/w 4 298 "$display", "Q[%0d][%0d] = %0d", v000001313145ac80_0, v000001313145ae60_0, S<0,vec4,s32> {1 0 0};
    %load/vec4 v000001313145ae60_0;
    %addi 1, 0, 32;
    %store/vec4 v000001313145ae60_0, 0, 32;
    %jmp T_12.14;
T_12.15 ;
    %load/vec4 v000001313145ac80_0;
    %addi 1, 0, 32;
    %store/vec4 v000001313145ac80_0, 0, 32;
    %jmp T_12.12;
T_12.13 ;
    %vpi_call/w 4 304 "$display", "\012========== K MATRIX ==========" {0 0 0};
    %pushi/vec4 0, 0, 32;
    %store/vec4 v000001313145ac80_0, 0, 32;
T_12.16 ;
    %load/vec4 v000001313145ac80_0;
    %cmpi/s 2, 0, 32;
    %jmp/0xz T_12.17, 5;
    %pushi/vec4 0, 0, 32;
    %store/vec4 v000001313145ae60_0, 0, 32;
T_12.18 ;
    %load/vec4 v000001313145ae60_0;
    %cmpi/s 4, 0, 32;
    %jmp/0xz T_12.19, 5;
    %load/vec4 v000001313145ac80_0;
    %pad/s 35;
    %pad/s 37;
    %muli 4, 0, 37;
    %pad/s 38;
    %load/vec4 v000001313145ae60_0;
    %pad/s 38;
    %add;
    %ix/vec4/s 4;
    %load/vec4a v000001313141c7d0, 4;
    %vpi_call/w 4 309 "$display", "K[%0d][%0d] = %0d", v000001313145ac80_0, v000001313145ae60_0, S<0,vec4,s32> {1 0 0};
    %load/vec4 v000001313145ae60_0;
    %addi 1, 0, 32;
    %store/vec4 v000001313145ae60_0, 0, 32;
    %jmp T_12.18;
T_12.19 ;
    %load/vec4 v000001313145ac80_0;
    %addi 1, 0, 32;
    %store/vec4 v000001313145ac80_0, 0, 32;
    %jmp T_12.16;
T_12.17 ;
    %vpi_call/w 4 315 "$display", "\012========== V MATRIX ==========" {0 0 0};
    %pushi/vec4 0, 0, 32;
    %store/vec4 v000001313145ac80_0, 0, 32;
T_12.20 ;
    %load/vec4 v000001313145ac80_0;
    %cmpi/s 2, 0, 32;
    %jmp/0xz T_12.21, 5;
    %pushi/vec4 0, 0, 32;
    %store/vec4 v000001313145ae60_0, 0, 32;
T_12.22 ;
    %load/vec4 v000001313145ae60_0;
    %cmpi/s 4, 0, 32;
    %jmp/0xz T_12.23, 5;
    %load/vec4 v000001313145ac80_0;
    %pad/s 35;
    %pad/s 37;
    %muli 4, 0, 37;
    %pad/s 38;
    %load/vec4 v000001313145ae60_0;
    %pad/s 38;
    %add;
    %ix/vec4/s 4;
    %load/vec4a v000001313141cd70, 4;
    %vpi_call/w 4 320 "$display", "V[%0d][%0d] = %0d", v000001313145ac80_0, v000001313145ae60_0, S<0,vec4,s32> {1 0 0};
    %load/vec4 v000001313145ae60_0;
    %addi 1, 0, 32;
    %store/vec4 v000001313145ae60_0, 0, 32;
    %jmp T_12.22;
T_12.23 ;
    %load/vec4 v000001313145ac80_0;
    %addi 1, 0, 32;
    %store/vec4 v000001313145ac80_0, 0, 32;
    %jmp T_12.20;
T_12.21 ;
T_12.10 ;
    %load/vec4 v0000013131459100_0;
    %flag_set/vec4 8;
    %jmp/0xz  T_12.24, 8;
    %vpi_call/w 4 334 "$display", "\012========== SCORE MATRIX ==========" {0 0 0};
    %pushi/vec4 0, 0, 32;
    %store/vec4 v000001313145ac80_0, 0, 32;
T_12.26 ;
    %load/vec4 v000001313145ac80_0;
    %cmpi/s 2, 0, 32;
    %jmp/0xz T_12.27, 5;
    %pushi/vec4 0, 0, 32;
    %store/vec4 v000001313145ae60_0, 0, 32;
T_12.28 ;
    %load/vec4 v000001313145ae60_0;
    %cmpi/s 2, 0, 32;
    %jmp/0xz T_12.29, 5;
    %load/vec4 v000001313145ac80_0;
    %pad/s 34;
    %pad/s 35;
    %muli 2, 0, 35;
    %pad/s 36;
    %load/vec4 v000001313145ae60_0;
    %pad/s 36;
    %add;
    %ix/vec4/s 4;
    %load/vec4a v000001313141cb90, 4;
    %vpi_call/w 4 339 "$display", "SCORE[%0d][%0d] = %0d", v000001313145ac80_0, v000001313145ae60_0, S<0,vec4,s32> {1 0 0};
    %load/vec4 v000001313145ae60_0;
    %addi 1, 0, 32;
    %store/vec4 v000001313145ae60_0, 0, 32;
    %jmp T_12.28;
T_12.29 ;
    %load/vec4 v000001313145ac80_0;
    %addi 1, 0, 32;
    %store/vec4 v000001313145ac80_0, 0, 32;
    %jmp T_12.26;
T_12.27 ;
T_12.24 ;
    %load/vec4 v0000013131459880_0;
    %flag_set/vec4 8;
    %jmp/0xz  T_12.30, 8;
    %vpi_call/w 4 353 "$display", "\012========== SCALE MATRIX ==========" {0 0 0};
    %pushi/vec4 0, 0, 32;
    %store/vec4 v000001313145ac80_0, 0, 32;
T_12.32 ;
    %load/vec4 v000001313145ac80_0;
    %cmpi/s 2, 0, 32;
    %jmp/0xz T_12.33, 5;
    %pushi/vec4 0, 0, 32;
    %store/vec4 v000001313145ae60_0, 0, 32;
T_12.34 ;
    %load/vec4 v000001313145ae60_0;
    %cmpi/s 2, 0, 32;
    %jmp/0xz T_12.35, 5;
    %load/vec4 v000001313145ac80_0;
    %pad/s 34;
    %pad/s 35;
    %muli 2, 0, 35;
    %pad/s 36;
    %load/vec4 v000001313145ae60_0;
    %pad/s 36;
    %add;
    %ix/vec4/s 4;
    %load/vec4a v000001313141caf0, 4;
    %vpi_call/w 4 358 "$display", "SCALE[%0d][%0d] = %0d", v000001313145ac80_0, v000001313145ae60_0, S<0,vec4,s32> {1 0 0};
    %load/vec4 v000001313145ae60_0;
    %addi 1, 0, 32;
    %store/vec4 v000001313145ae60_0, 0, 32;
    %jmp T_12.34;
T_12.35 ;
    %load/vec4 v000001313145ac80_0;
    %addi 1, 0, 32;
    %store/vec4 v000001313145ac80_0, 0, 32;
    %jmp T_12.32;
T_12.33 ;
T_12.30 ;
    %load/vec4 v000001313145a320_0;
    %flag_set/vec4 8;
    %jmp/0xz  T_12.36, 8;
    %vpi_call/w 4 372 "$display", "\012========== SOFTMAX WEIGHTS ==========" {0 0 0};
    %pushi/vec4 0, 0, 32;
    %store/vec4 v000001313145ac80_0, 0, 32;
T_12.38 ;
    %load/vec4 v000001313145ac80_0;
    %cmpi/s 2, 0, 32;
    %jmp/0xz T_12.39, 5;
    %pushi/vec4 0, 0, 32;
    %store/vec4 v000001313145ae60_0, 0, 32;
T_12.40 ;
    %load/vec4 v000001313145ae60_0;
    %cmpi/s 2, 0, 32;
    %jmp/0xz T_12.41, 5;
    %load/vec4 v000001313145ac80_0;
    %pad/s 34;
    %pad/s 35;
    %muli 2, 0, 35;
    %pad/s 36;
    %load/vec4 v000001313145ae60_0;
    %pad/s 36;
    %add;
    %ix/vec4/s 4;
    %load/vec4a v000001313141ce10, 4;
    %vpi_call/w 4 377 "$display", "WEIGHT[%0d][%0d] = %0d", v000001313145ac80_0, v000001313145ae60_0, S<0,vec4,s32> {1 0 0};
    %load/vec4 v000001313145ae60_0;
    %addi 1, 0, 32;
    %store/vec4 v000001313145ae60_0, 0, 32;
    %jmp T_12.40;
T_12.41 ;
    %load/vec4 v000001313145ac80_0;
    %addi 1, 0, 32;
    %store/vec4 v000001313145ac80_0, 0, 32;
    %jmp T_12.38;
T_12.39 ;
T_12.36 ;
    %load/vec4 v0000013131459240_0;
    %flag_set/vec4 8;
    %jmp/0xz  T_12.42, 8;
    %vpi_call/w 4 391 "$display", "\012========== FINAL OUTPUT ==========" {0 0 0};
    %pushi/vec4 0, 0, 32;
    %store/vec4 v000001313145ac80_0, 0, 32;
T_12.44 ;
    %load/vec4 v000001313145ac80_0;
    %cmpi/s 2, 0, 32;
    %jmp/0xz T_12.45, 5;
    %pushi/vec4 0, 0, 32;
    %store/vec4 v000001313145ae60_0, 0, 32;
T_12.46 ;
    %load/vec4 v000001313145ae60_0;
    %cmpi/s 4, 0, 32;
    %jmp/0xz T_12.47, 5;
    %load/vec4 v000001313145ac80_0;
    %pad/s 35;
    %pad/s 37;
    %muli 4, 0, 37;
    %pad/s 38;
    %load/vec4 v000001313145ae60_0;
    %pad/s 38;
    %add;
    %ix/vec4/s 4;
    %load/vec4a v000001313141c870, 4;
    %vpi_call/w 4 396 "$display", "OUT[%0d][%0d] = %0d", v000001313145ac80_0, v000001313145ae60_0, S<0,vec4,s32> {1 0 0};
    %load/vec4 v000001313145ae60_0;
    %addi 1, 0, 32;
    %store/vec4 v000001313145ae60_0, 0, 32;
    %jmp T_12.46;
T_12.47 ;
    %load/vec4 v000001313145ac80_0;
    %addi 1, 0, 32;
    %store/vec4 v000001313145ac80_0, 0, 32;
    %jmp T_12.44;
T_12.45 ;
T_12.42 ;
T_12.2 ;
T_12.1 ;
    %jmp T_12;
    .thread T_12;
    .scope S_00000131313edb40;
T_13 ;
    %delay 5000, 0;
    %load/vec4 v0000013131459e20_0;
    %inv;
    %store/vec4 v0000013131459e20_0, 0, 1;
    %jmp T_13;
    .thread T_13;
    .scope S_00000131313edb40;
T_14 ;
    %pushi/vec4 0, 0, 1;
    %store/vec4 v0000013131459e20_0, 0, 1;
    %pushi/vec4 1, 0, 1;
    %store/vec4 v0000013131459f60_0, 0, 1;
    %delay 20000, 0;
    %pushi/vec4 0, 0, 1;
    %store/vec4 v0000013131459f60_0, 0, 1;
    %delay 1000000, 0;
    %vpi_call/w 3 23 "$finish" {0 0 0};
    %end;
    .thread T_14;
    .scope S_00000131313edb40;
T_15 ;
    %vpi_call/w 3 28 "$dumpfile", "output/attention.vcd" {0 0 0};
    %vpi_call/w 3 29 "$dumpvars", 32'sb00000000000000000000000000000000, S_00000131313edb40 {0 0 0};
    %end;
    .thread T_15;
# The file index is used to find the file name in the following table.
:file_names 11;
    "N/A";
    "<interactive>";
    "-";
    "tb/tb_attention.v";
    "rtl/attention_top.v";
    "rtl/controller_fsm.v";
    "rtl/matrix_mult.v";
    "rtl/output_mac.v";
    "rtl/scaling_unit.v";
    "rtl/score_unit.v";
    "rtl/softmax_approx.v";
